[wp1.themevibrant.com/newwp/buildnox/index.html]
[wp1.themevibrant.com/newwp/buildnox/wp-content/themes/buildnox/assets/images/favicon.png]
[backblue.gif]
[fade.gif]
[index.html]
[wp1.themevibrant.com/newwp/buildnox/wp-includes/css/dist/block-library/style.min3781.css]
[wp1.themevibrant.com/newwp/buildnox/feed/index.html]
[wp1.themevibrant.com/newwp/buildnox/wp-includes/css/classic-themes.min3781.css]
[wp1.themevibrant.com/newwp/buildnox/comments/feed/index.html]
[wp1.themevibrant.com/newwp/buildnox/wp-content/plugins/contact-form-7/includes/css/styles3960.css]
[wp1.themevibrant.com/newwp/buildnox/wp-content/themes/buildnox/assets/css/bootstrap3781.css]
[wp1.themevibrant.com/newwp/buildnox/wp-content/themes/buildnox/assets/css/fontawesome-all3781.css]
[wp1.themevibrant.com/newwp/buildnox/wp-content/themes/buildnox/assets/css/animate3781.css]
[wp1.themevibrant.com/newwp/buildnox/wp-content/themes/buildnox/assets/css/flaticon3781.css]
[wp1.themevibrant.com/newwp/buildnox/wp-content/themes/buildnox/assets/css/jquery.fancybox.min3781.css]
[wp1.themevibrant.com/newwp/buildnox/wp-content/themes/buildnox/assets/css/swiper.min3781.css]
[wp1.themevibrant.com/newwp/buildnox/wp-content/themes/buildnox/assets/css/rtl3781.css]
[wp1.themevibrant.com/newwp/buildnox/wp-content/themes/buildnox/assets/css/nice-select3781.css]
[wp1.themevibrant.com/newwp/buildnox/wp-content/themes/buildnox/assets/css/odometer.min3781.css]
[wp1.themevibrant.com/newwp/buildnox/wp-content/themes/buildnox/assets/css/jquery-ui-1.9.2.custom.min3781.css]
[wp1.themevibrant.com/newwp/buildnox/wp-content/themes/buildnox/assets/css/timePicker3781.css]
[wp1.themevibrant.com/newwp/buildnox/wp-content/themes/buildnox/style3781.css]
[wp1.themevibrant.com/newwp/buildnox/wp-content/themes/buildnox/assets/css/style3781.css]
[wp1.themevibrant.com/newwp/buildnox/wp-content/themes/buildnox/assets/css/elpath3781.css]
[wp1.themevibrant.com/newwp/buildnox/wp-content/themes/buildnox/assets/css/custom3781.css]
[wp1.themevibrant.com/newwp/buildnox/wp-content/themes/buildnox/assets/css/responsive3781.css]
[wp1.themevibrant.com/newwp/buildnox/wp-content/plugins/elementor/assets/lib/eicons/css/elementor-icons.minfc13.css]
[wp1.themevibrant.com/newwp/buildnox/wp-content/plugins/elementor/assets/css/frontend-lite.min2e9d.css]
[wp1.themevibrant.com/newwp/buildnox/wp-content/plugins/elementor/assets/lib/swiper/v8/css/swiper.min94a4.css]
[wp1.themevibrant.com/newwp/buildnox/wp-content/uploads/elementor/css/post-6a9b1.css]
[wp1.themevibrant.com/newwp/buildnox/wp-content/uploads/elementor/css/global8fc3.css]
[wp1.themevibrant.com/newwp/buildnox/wp-content/uploads/elementor/css/post-858c6d.css]
[wp1.themevibrant.com/newwp/buildnox/wp-content/plugins/elementor/assets/lib/font-awesome/css/fontawesome.min52d5.css]
[wp1.themevibrant.com/newwp/buildnox/wp-content/plugins/elementor/assets/lib/font-awesome/css/regular.min52d5.css]
[wp1.themevibrant.com/newwp/buildnox/wp-content/themes/buildnox/assets/css/flaticon5152.css]
[wp1.themevibrant.com/newwp/buildnox/wp-includes/js/jquery/jquery.min5aed.js]
[wp1.themevibrant.com/newwp/buildnox/wp-includes/js/jquery/jquery-migrate.min6b00.js]
[wp1.themevibrant.com/newwp/buildnox/wp-json/wp/v2/pages/85.json]
[wp1.themevibrant.com/newwp/buildnox/wp-json/index.html]
[wp1.themevibrant.com/newwp/buildnox/xmlrpc0db0.php]
[wp1.themevibrant.com/newwp/buildnox/wp-includes/wlwmanifest.xml]
[wp1.themevibrant.com/newwp/buildnox/wp-json/oembed/1.0/embedabe8.json]
[wp1.themevibrant.com/newwp/buildnox/wp-json/oembed/1.0/embed4517]
[wp1.themevibrant.com/newwp/buildnox/wp-content/uploads/2023/03/logo-light.png]
[wp1.themevibrant.com/newwp/buildnox/wp-content/themes/buildnox/assets/images/icons/menu.svg]
[wp1.themevibrant.com/newwp/buildnox/wp-content/uploads/2023/03/logo.png]
[wp1.themevibrant.com/newwp/buildnox/wp-content/themes/buildnox/assets/images/icons/icon-7__mapmarker.png]
[wp1.themevibrant.com/newwp/buildnox/home-page-2/index.html]
[wp1.themevibrant.com/newwp/buildnox/home-page-3/index.html]
[wp1.themevibrant.com/newwp/buildnox/home-page-4/index.html]
[wp1.themevibrant.com/newwp/buildnox/home-page-5/index.html]
[wp1.themevibrant.com/newwp/buildnox/home-page-6/index.html]
[wp1.themevibrant.com/newwp/buildnox/wp-content/themes/buildnox/assets/images/icons/icon-8__envelop.png]
[wp1.themevibrant.com/newwp/buildnox/home-page-7/index.html]
[wp1.themevibrant.com/newwp/buildnox/wp-content/themes/buildnox/assets/images/icons/icon-9__phone.png]
[wp1.themevibrant.com/newwp/buildnox/home-page-8/index.html]
[wp1.themevibrant.com/newwp/buildnox/home-page-9/index.html]
[wp1.themevibrant.com/newwp/buildnox/wp-content/themes/buildnox/assets/images/icons/icon-10__clock.png]
[wp1.themevibrant.com/newwp/buildnox/about/index.html]
[wp1.themevibrant.com/newwp/buildnox/wp-content/uploads/2023/03/banner-1.jpg]
[wp1.themevibrant.com/newwp/buildnox/services-style-01/index.html]
[wp1.themevibrant.com/newwp/buildnox/home-page-10/index.html]
[wp1.themevibrant.com/newwp/buildnox/wp-content/uploads/2023/03/image-2.png]
[wp1.themevibrant.com/newwp/buildnox/services-style-02/index.html]
[wp1.themevibrant.com/newwp/buildnox/service-details/index.html]
[wp1.themevibrant.com/newwp/buildnox/wp-content/uploads/2023/03/image-1.png]
[wp1.themevibrant.com/newwp/buildnox/projects-style-01/index.html]
[wp1.themevibrant.com/newwp/buildnox/wp-content/uploads/2023/03/image-1.jpg]
[wp1.themevibrant.com/newwp/buildnox/projects-style-02/index.html]
[wp1.themevibrant.com/newwp/buildnox/projects-style-03/index.html]
[wp1.themevibrant.com/newwp/buildnox/wp-content/uploads/2023/03/shape-1.png]
[wp1.themevibrant.com/newwp/buildnox/project/renovation-of-roof/index.html]
[wp1.themevibrant.com/newwp/buildnox/wp-content/uploads/2023/03/author-1.jpg]
[wp1.themevibrant.com/newwp/buildnox/faq/index.html]
[wp1.themevibrant.com/newwp/buildnox/company-history/index.html]
[wp1.themevibrant.com/newwp/buildnox/wp-content/uploads/2023/03/signature.png]
[wp1.themevibrant.com/newwp/buildnox/team/index.html]
[wp1.themevibrant.com/newwp/buildnox/wp-content/uploads/2023/03/service-1.jpg]
[wp1.themevibrant.com/newwp/buildnox/testimonials/index.html]
[wp1.themevibrant.com/newwp/buildnox/blog-grid/index.html]
[wp1.themevibrant.com/newwp/buildnox/wp-content/uploads/2023/03/image-26.jpg]
[wp1.themevibrant.com/newwp/buildnox/blog-standard/index.html]
[wp1.themevibrant.com/newwp/buildnox/wp-content/uploads/2023/03/image-27.jpg]
[wp1.themevibrant.com/newwp/buildnox/2023/03/how-to-hire-a-contractor-home-renovation/index.html]
[wp1.themevibrant.com/newwp/buildnox/contact/index.html]
[wp1.themevibrant.com/newwp/buildnox/wp-content/uploads/2023/03/image-28.jpg]
[wp1.themevibrant.com/newwp/buildnox/service/building-construction/index.html]
[wp1.themevibrant.com/newwp/buildnox/wp-content/uploads/2023/03/author-2.jpg]
[wp1.themevibrant.com/newwp/buildnox/service/architecture-design/index.html]
[wp1.themevibrant.com/newwp/buildnox/service/building-renovation/index.html]
[wp1.themevibrant.com/newwp/buildnox/wp-content/uploads/2023/03/gallery-1.jpg]
[wp1.themevibrant.com/newwp/buildnox/service/flooring-roofing/index.html]
[wp1.themevibrant.com/newwp/buildnox/wp-content/uploads/2023/03/gallery-2.jpg]
[wp1.themevibrant.com/newwp/buildnox/project/renovation-of-roof-3/index.html]
[wp1.themevibrant.com/newwp/buildnox/wp-content/uploads/2023/03/gallery-3.jpg]
[wp1.themevibrant.com/newwp/buildnox/project/construction-projects-3/index.html]
[wp1.themevibrant.com/newwp/buildnox/project/general-construction-2/index.html]
[wp1.themevibrant.com/newwp/buildnox/wp-content/uploads/2023/03/gallery-4.jpg]
[wp1.themevibrant.com/newwp/buildnox/wp-content/uploads/2023/03/roller.png]
[wp1.themevibrant.com/newwp/buildnox/wp-content/uploads/2023/03/author-3-70x70.jpg]
[wp1.themevibrant.com/newwp/buildnox/project/home-construction-2/index.html]
[wp1.themevibrant.com/newwp/buildnox/wp-content/uploads/2023/03/author-4-70x70.jpg]
[wp1.themevibrant.com/newwp/buildnox/wp-content/uploads/2023/03/author-1-70x70.jpg]
[wp1.themevibrant.com/newwp/buildnox/wp-content/uploads/2023/03/author-8-70x70.jpg]
[wp1.themevibrant.com/newwp/buildnox/wp-content/uploads/2023/03/author-7-70x70.jpg]
[wp1.themevibrant.com/newwp/buildnox/wp-content/uploads/2023/03/blog-12-370x272.jpg]
[wp1.themevibrant.com/newwp/buildnox/wp-content/uploads/2023/03/blog-13-370x272.jpg]
[wp1.themevibrant.com/newwp/buildnox/2023/03/normal-that-has-evolved-from-generation-on/index.html]
[wp1.themevibrant.com/newwp/buildnox/wp-content/uploads/2023/03/blog-14-370x272.jpg]
[wp1.themevibrant.com/newwp/buildnox/wp-content/uploads/2023/04/brand-logo-1.png]
[wp1.themevibrant.com/newwp/buildnox/2023/03/know-the-secreat-of-buildnox-work/index.html]
[wp1.themevibrant.com/newwp/buildnox/wp-content/uploads/2023/04/brand-logo-2.png]
[wp1.themevibrant.com/newwp/buildnox/wp-content/uploads/2023/04/brand-logo-3.png]
[wp1.themevibrant.com/newwp/buildnox/wp-content/uploads/2023/04/brand-logo-4.png]
[wp1.themevibrant.com/newwp/buildnox/wp-content/uploads/2023/04/brand-logo-5.png]
[wp1.themevibrant.com/newwp/buildnox/wp-content/themes/buildnox/assets/images/icons/icon-map.png]
[wp1.themevibrant.com/newwp/buildnox/wp-content/themes/buildnox/assets/images/icons/icon-mail.png]
[wp1.themevibrant.com/newwp/buildnox/wp-content/themes/buildnox/assets/images/icons/icon-phone.png]
[wp1.themevibrant.com/newwp/buildnox/wp-content/plugins/elementor/assets/lib/animations/animations.min2e9d.css]
[wp1.themevibrant.com/newwp/buildnox/wp-content/plugins/contact-form-7/includes/swv/js/index3960.js]
[wp1.themevibrant.com/newwp/buildnox/wp-content/plugins/contact-form-7/includes/js/index3960.js]
[wp1.themevibrant.com/newwp/buildnox/wp-includes/js/jquery/ui/core.min3f14.js]
[wp1.themevibrant.com/newwp/buildnox/wp-content/themes/buildnox/assets/js/bootstrap.min431f.js]
[wp1.themevibrant.com/newwp/buildnox/wp-content/themes/buildnox/assets/js/jquery.nice-select.min431f.js]
[wp1.themevibrant.com/newwp/buildnox/wp-content/themes/buildnox/assets/js/jquery.fancybox431f.js]
[wp1.themevibrant.com/newwp/buildnox/wp-content/themes/buildnox/assets/js/isotope431f.js]
[wp1.themevibrant.com/newwp/buildnox/wp-content/themes/buildnox/assets/js/appear431f.js]
[wp1.themevibrant.com/newwp/buildnox/wp-content/themes/buildnox/assets/js/wow431f.js]
[wp1.themevibrant.com/newwp/buildnox/wp-content/themes/buildnox/assets/js/TweenMax.min431f.js]
[wp1.themevibrant.com/newwp/buildnox/wp-content/themes/buildnox/assets/js/swiper.min431f.js]
[wp1.themevibrant.com/newwp/buildnox/wp-content/themes/buildnox/assets/js/jquery.ajaxchimp.min431f.js]
[wp1.themevibrant.com/newwp/buildnox/wp-content/themes/buildnox/assets/js/parallax-scroll431f.js]
[wp1.themevibrant.com/newwp/buildnox/wp-content/themes/buildnox/assets/js/jquery-ui-1.9.2.custom.min431f.js]
[wp1.themevibrant.com/newwp/buildnox/wp-content/themes/buildnox/assets/js/odometer.min431f.js]
[wp1.themevibrant.com/newwp/buildnox/wp-content/themes/buildnox/assets/js/script3781.js]
[wp1.themevibrant.com/newwp/buildnox/wp-includes/js/comment-reply.min3781.js]
[wp1.themevibrant.com/newwp/buildnox/wp-content/plugins/elementor/assets/js/webpack.runtime.min2e9d.js]
[wp1.themevibrant.com/newwp/buildnox/wp-content/plugins/elementor/assets/js/frontend-modules.min2e9d.js]
[wp1.themevibrant.com/newwp/buildnox/wp-content/plugins/elementor/assets/lib/waypoints/waypoints.min05da.js]
[wp1.themevibrant.com/newwp/buildnox/wp-content/plugins/elementor/assets/js/frontend.min2e9d.js]
[wp1.themevibrant.com/newwp/buildnox/wp-content/plugins/buildnox-plugin/assets/js/service-carousel8a54.js]
[wp1.themevibrant.com/newwp/buildnox/wp-content/plugins/buildnox-plugin/assets/js/progress-counter8a54.js]
[wp1.themevibrant.com/newwp/buildnox/wp-content/plugins/buildnox-plugin/assets/js/project-carousel8a54.js]
[wp1.themevibrant.com/newwp/buildnox/wp-content/plugins/buildnox-plugin/assets/js/testimonial-carousel8a54.js]
[wp1.themevibrant.com/newwp/buildnox/wp-content/plugins/mailchimp-for-wp/assets/js/forms20fd.js]
[wp1.themevibrant.com/newwp/buildnox/index.html]
[wp1.themevibrant.com/newwp/buildnox/wp-includes/css/dist/block-library/style.min3781.css]
[wp1.themevibrant.com/newwp/buildnox/wp-includes/css/classic-themes.min3781.css]
[wp1.themevibrant.com/newwp/buildnox/wp-content/plugins/contact-form-7/includes/css/styles3960.css]
[wp1.themevibrant.com/newwp/buildnox/wp-content/themes/buildnox/assets/css/bootstrap3781.css]
[wp1.themevibrant.com/newwp/buildnox/wp-content/themes/buildnox/assets/fonts/fa-brands-400d41d.eot]
[wp1.themevibrant.com/newwp/buildnox/wp-content/themes/buildnox/assets/fonts/fa-brands-400.woff2]
[wp1.themevibrant.com/newwp/buildnox/wp-content/themes/buildnox/assets/fonts/fa-brands-400.eot]
[wp1.themevibrant.com/newwp/buildnox/wp-content/themes/buildnox/assets/fonts/fa-brands-400.woff]
[wp1.themevibrant.com/newwp/buildnox/wp-content/themes/buildnox/assets/fonts/fa-brands-400.svg]
[wp1.themevibrant.com/newwp/buildnox/wp-content/themes/buildnox/assets/fonts/fa-light-300.eot]
[wp1.themevibrant.com/newwp/buildnox/wp-content/themes/buildnox/assets/fonts/fa-brands-400.ttf]
[wp1.themevibrant.com/newwp/buildnox/wp-content/themes/buildnox/assets/fonts/fa-light-300.woff2]
[wp1.themevibrant.com/newwp/buildnox/wp-content/themes/buildnox/assets/fonts/fa-light-300.woff]
[wp1.themevibrant.com/newwp/buildnox/wp-content/themes/buildnox/assets/fonts/fa-light-300.ttf]
[wp1.themevibrant.com/newwp/buildnox/wp-content/themes/buildnox/assets/fonts/fa-light-300d41d.eot]
[wp1.themevibrant.com/newwp/buildnox/wp-content/themes/buildnox/assets/fonts/fa-regular-400.woff2]
[wp1.themevibrant.com/newwp/buildnox/wp-content/themes/buildnox/assets/fonts/fa-regular-400d41d.eot]
[wp1.themevibrant.com/newwp/buildnox/wp-content/themes/buildnox/assets/fonts/fa-regular-400.woff]
[wp1.themevibrant.com/newwp/buildnox/wp-content/themes/buildnox/assets/fonts/fa-regular-400.eot]
[wp1.themevibrant.com/newwp/buildnox/wp-content/themes/buildnox/assets/fonts/fa-light-300.svg]
[wp1.themevibrant.com/newwp/buildnox/wp-content/themes/buildnox/assets/fonts/fa-regular-400.ttf]
[wp1.themevibrant.com/newwp/buildnox/wp-content/themes/buildnox/assets/fonts/fa-regular-400.svg]
[wp1.themevibrant.com/newwp/buildnox/wp-content/themes/buildnox/assets/fonts/fa-solid-900.woff2]
[wp1.themevibrant.com/newwp/buildnox/wp-content/themes/buildnox/assets/fonts/fa-solid-900.woff]
[wp1.themevibrant.com/newwp/buildnox/wp-content/themes/buildnox/assets/fonts/fa-solid-900.eot]
[wp1.themevibrant.com/newwp/buildnox/wp-content/themes/buildnox/assets/fonts/fa-solid-900.ttf]
[wp1.themevibrant.com/newwp/buildnox/wp-content/themes/buildnox/assets/css/fontawesome-all3781.css]
[wp1.themevibrant.com/newwp/buildnox/wp-content/themes/buildnox/assets/css/animate3781.css]
[wp1.themevibrant.com/newwp/buildnox/wp-content/themes/buildnox/assets/fonts/flaticon_buildnox8aad.ttf]
[wp1.themevibrant.com/newwp/buildnox/wp-content/themes/buildnox/assets/fonts/fa-solid-900.svg]
[wp1.themevibrant.com/newwp/buildnox/wp-content/themes/buildnox/assets/fonts/flaticon_buildnox8aad.woff]
[wp1.themevibrant.com/newwp/buildnox/wp-content/themes/buildnox/assets/fonts/fa-solid-900d41d.eot]
[wp1.themevibrant.com/newwp/buildnox/wp-content/themes/buildnox/assets/fonts/flaticon_buildnox8aad.woff2]
[wp1.themevibrant.com/newwp/buildnox/wp-content/themes/buildnox/assets/fonts/flaticon_buildnox8aad.eot]
[wp1.themevibrant.com/newwp/buildnox/wp-content/themes/buildnox/assets/css/flaticon3781.css]
[wp1.themevibrant.com/newwp/buildnox/wp-content/themes/buildnox/assets/css/jquery.fancybox.min3781.css]
[wp1.themevibrant.com/newwp/buildnox/wp-content/themes/buildnox/assets/css/swiper.min3781.css]
[wp1.themevibrant.com/newwp/buildnox/wp-content/themes/buildnox/assets/css/rtl3781.css]
[wp1.themevibrant.com/newwp/buildnox/wp-content/themes/buildnox/assets/css/nice-select3781.css]
[wp1.themevibrant.com/newwp/buildnox/wp-content/themes/buildnox/assets/css/odometer.min3781.css]
[wp1.themevibrant.com/newwp/buildnox/wp-content/themes/buildnox/assets/fonts/flaticon_buildnox8aad.svg]
[wp1.themevibrant.com/newwp/buildnox/wp-content/themes/buildnox/assets/css/images/ui-icons_444444_256x240.png]
[wp1.themevibrant.com/newwp/buildnox/wp-content/themes/buildnox/assets/css/images/ui-icons_555555_256x240.png]
[wp1.themevibrant.com/newwp/buildnox/wp-content/themes/buildnox/assets/css/images/ui-icons_ffffff_256x240.png]
[wp1.themevibrant.com/newwp/buildnox/wp-content/themes/buildnox/assets/css/images/ui-icons_777620_256x240.png]
[wp1.themevibrant.com/newwp/buildnox/wp-content/themes/buildnox/assets/css/images/ui-icons_cc0000_256x240.png]
[wp1.themevibrant.com/newwp/buildnox/wp-content/themes/buildnox/assets/css/images/ui-icons_777777_256x240.png]
[wp1.themevibrant.com/newwp/buildnox/wp-content/themes/buildnox/assets/css/jquery-ui-1.9.2.custom.min3781.css]
[wp1.themevibrant.com/newwp/buildnox/wp-content/themes/buildnox/assets/css/timePicker3781.css]
[wp1.themevibrant.com/newwp/buildnox/wp-content/themes/buildnox/style3781.css]
[wp1.themevibrant.com/newwp/buildnox/wp-content/themes/buildnox/assets/images/icons/preloader.svg]
[wp1.themevibrant.com/newwp/buildnox/wp-content/themes/buildnox/assets/images/shape/shape-2.png]
[wp1.themevibrant.com/newwp/buildnox/wp-content/themes/buildnox/assets/images/shape/shape-3.png]
[wp1.themevibrant.com/newwp/buildnox/wp-content/themes/buildnox/assets/css/style3781.css]
[wp1.themevibrant.com/newwp/buildnox/wp-content/themes/buildnox/assets/css/elpath3781.css]
[wp1.themevibrant.com/newwp/buildnox/wp-content/themes/buildnox/assets/images/icons/icon-1.png]
[wp1.themevibrant.com/newwp/buildnox/wp-content/themes/buildnox/assets/css/custom3781.css]
[wp1.themevibrant.com/newwp/buildnox/wp-content/themes/buildnox/assets/css/responsive3781.css]
[wp1.themevibrant.com/newwp/buildnox/wp-content/themes/buildnox/assets/css/color3781.css]
[wp1.themevibrant.com/newwp/buildnox/wp-content/plugins/elementor/assets/lib/eicons/fonts/eiconsb732.woff2]
[wp1.themevibrant.com/newwp/buildnox/wp-content/plugins/elementor/assets/lib/eicons/fonts/eiconsb732.eot]
[wp1.themevibrant.com/newwp/buildnox/wp-content/plugins/elementor/assets/lib/eicons/fonts/eiconsb732.woff]
[wp1.themevibrant.com/newwp/buildnox/wp-content/plugins/elementor/assets/lib/eicons/css/elementor-icons.minfc13.css]
[wp1.themevibrant.com/newwp/buildnox/wp-content/plugins/elementor/assets/css/frontend-lite.min2e9d.css]
[wp1.themevibrant.com/newwp/buildnox/wp-content/plugins/elementor/assets/lib/swiper/v8/css/swiper.min94a4.css]
[wp1.themevibrant.com/newwp/buildnox/wp-content/uploads/elementor/css/post-6a9b1.css]
[wp1.themevibrant.com/newwp/buildnox/wp-content/uploads/elementor/css/global8fc3.css]
[wp1.themevibrant.com/newwp/buildnox/wp-content/plugins/elementor/assets/lib/eicons/fonts/eiconsb732.ttf]
[wp1.themevibrant.com/newwp/buildnox/wp-content/uploads/2023/03/bg-1.jpg]
[wp1.themevibrant.com/newwp/buildnox/wp-content/uploads/2023/03/image-2.jpg]
[wp1.themevibrant.com/newwp/buildnox/wp-content/plugins/elementor/assets/lib/eicons/fonts/eiconsb732.svg]
[wp1.themevibrant.com/newwp/buildnox/wp-content/uploads/2023/03/bg-2.jpg]
[wp1.themevibrant.com/newwp/buildnox/wp-content/uploads/elementor/css/post-858c6d.css]
[wp1.themevibrant.com/newwp/buildnox/wp-content/plugins/elementor/assets/lib/font-awesome/css/fontawesome.min52d5.css]
[wp1.themevibrant.com/newwp/buildnox/wp-content/plugins/elementor/assets/lib/font-awesome/webfonts/fa-regular-400.eot]
[wp1.themevibrant.com/newwp/buildnox/wp-content/plugins/elementor/assets/lib/font-awesome/webfonts/fa-regular-400d41d.eot]
[wp1.themevibrant.com/newwp/buildnox/wp-content/plugins/elementor/assets/lib/font-awesome/webfonts/fa-regular-400.woff2]
[wp1.themevibrant.com/newwp/buildnox/wp-content/plugins/elementor/assets/lib/font-awesome/webfonts/fa-regular-400.woff]
[wp1.themevibrant.com/newwp/buildnox/wp-content/plugins/elementor/assets/lib/font-awesome/webfonts/fa-regular-400.ttf]
[wp1.themevibrant.com/newwp/buildnox/wp-content/plugins/elementor/assets/lib/font-awesome/css/regular.min52d5.css]
[wp1.themevibrant.com/newwp/buildnox/wp-content/themes/buildnox/assets/css/flaticon5152.css]
[wp1.themevibrant.com/newwp/buildnox/wp-content/themes/buildnox/assets/images/icons/menu.svg]
[wp1.themevibrant.com/newwp/buildnox/wp-content/plugins/elementor/assets/lib/font-awesome/webfonts/fa-regular-400.svg]
[wp1.themevibrant.com/newwp/buildnox/wp-content/uploads/elementor/css/post-88fd86.css]
[wp1.themevibrant.com/newwp/buildnox/wp-content/plugins/elementor/assets/lib/font-awesome/css/solid.min52d5.css]
[wp1.themevibrant.com/newwp/buildnox/wp-json/wp/v2/pages/88.json]
[wp1.themevibrant.com/newwp/buildnox/wp-json/oembed/1.0/embeda24d.json]
[wp1.themevibrant.com/newwp/buildnox/wp-json/oembed/1.0/embed1ca3]
[wp1.themevibrant.com/newwp/buildnox/wp-content/uploads/2023/03/logo-light2.png]
[wp1.themevibrant.com/newwp/buildnox/wp-content/themes/buildnox/assets/images/logo.png]
[wp1.themevibrant.com/newwp/buildnox/wp-content/uploads/2023/03/banner-2.jpg]
[wp1.themevibrant.com/newwp/buildnox/wp-content/uploads/2023/03/image-3.png]
[wp1.themevibrant.com/newwp/buildnox/service/architecture-design-2/index.html]
[wp1.themevibrant.com/newwp/buildnox/service/building-renovation-2/index.html]
[wp1.themevibrant.com/newwp/buildnox/wp-content/uploads/2023/04/image-3.jpg]
[wp1.themevibrant.com/newwp/buildnox/service/building-construction-2/index.html]
[wp1.themevibrant.com/newwp/buildnox/service/consulting-service/index.html]
[wp1.themevibrant.com/newwp/buildnox/wp-content/uploads/2023/04/signature2.png]
[wp1.themevibrant.com/newwp/buildnox/wp-content/uploads/2023/03/team-1.jpg]
[wp1.themevibrant.com/newwp/buildnox/wp-content/uploads/2023/03/team-2.jpg]
[wp1.themevibrant.com/newwp/buildnox/wp-content/uploads/2023/03/team-3.jpg]
[wp1.themevibrant.com/newwp/buildnox/wp-content/uploads/2023/03/team-4.jpg]
[wp1.themevibrant.com/newwp/buildnox/wp-content/uploads/2023/04/feature-image.jpg]
[wp1.themevibrant.com/newwp/buildnox/wp-content/uploads/2023/04/author-5.jpg]
[wp1.themevibrant.com/newwp/buildnox/wp-content/uploads/2023/04/building.png]
[wp1.themevibrant.com/newwp/buildnox/wp-content/plugins/buildnox-plugin/assets/js/faqs-tab8a54.js]
[wp1.themevibrant.com/newwp/buildnox/wp-content/plugins/buildnox-plugin/assets/js/funfact-counter8a54.js]
[wp1.themevibrant.com/newwp/buildnox/home-page-2/index.html]
[wp1.themevibrant.com/newwp/buildnox/wp-content/uploads/elementor/css/post-90ca42.css]
[wp1.themevibrant.com/newwp/buildnox/wp-json/wp/v2/pages/90.json]
[wp1.themevibrant.com/newwp/buildnox/wp-json/oembed/1.0/embed55a9.json]
[wp1.themevibrant.com/newwp/buildnox/wp-json/oembed/1.0/embed18c6]
[wp1.themevibrant.com/newwp/buildnox/wp-content/themes/buildnox/assets/images/icons/icon-phone2.png]
[wp1.themevibrant.com/newwp/buildnox/wp-content/uploads/2023/04/banner-3.jpg]
[wp1.themevibrant.com/newwp/buildnox/wp-content/uploads/2023/04/image-4.png]
[wp1.themevibrant.com/newwp/buildnox/wp-content/uploads/2023/04/image-7.png]
[wp1.themevibrant.com/newwp/buildnox/wp-content/uploads/2023/04/menu.svg]
[wp1.themevibrant.com/newwp/buildnox/wp-content/uploads/2023/04/image-5.jpg]
[wp1.themevibrant.com/newwp/buildnox/wp-content/uploads/2023/04/image-4.jpg]
[wp1.themevibrant.com/newwp/buildnox/wp-content/uploads/2023/04/author-6.jpg]
[wp1.themevibrant.com/newwp/buildnox/wp-content/uploads/2023/04/signature3.png]
[wp1.themevibrant.com/newwp/buildnox/wp-content/uploads/2023/04/image-6.jpg]
[wp1.themevibrant.com/newwp/buildnox/wp-content/uploads/2023/04/image-7.jpg]
[wp1.themevibrant.com/newwp/buildnox/wp-content/uploads/2023/05/image-8.jpg]
[wp1.themevibrant.com/newwp/buildnox/wp-content/uploads/2023/04/image-10.jpg]
[wp1.themevibrant.com/newwp/buildnox/project/apartment-construction-2/index.html]
[wp1.themevibrant.com/newwp/buildnox/wp-content/uploads/2023/04/image-9.jpg]
[wp1.themevibrant.com/newwp/buildnox/wp-content/themes/buildnox/assets/images/icons/quote.png]
[wp1.themevibrant.com/newwp/buildnox/wp-content/uploads/2023/04/building2.png]
[wp1.themevibrant.com/newwp/buildnox/wp-content/uploads/2023/04/brand-logo-6.png]
[wp1.themevibrant.com/newwp/buildnox/wp-content/uploads/2023/04/brand-logo-7.png]
[wp1.themevibrant.com/newwp/buildnox/wp-content/uploads/2023/04/brand-logo-8.png]
[wp1.themevibrant.com/newwp/buildnox/wp-content/uploads/2023/04/brand-logo-9.png]
[wp1.themevibrant.com/newwp/buildnox/wp-content/uploads/2023/04/brand-logo-10.png]
[wp1.themevibrant.com/newwp/buildnox/wp-content/plugins/buildnox-plugin/assets/js/banner-carousel8a54.js]
[wp1.themevibrant.com/newwp/buildnox/wp-content/plugins/buildnox-plugin/assets/js/construction-carousel8a54.js]
[wp1.themevibrant.com/newwp/buildnox/home-page-3/index.html]
[wp1.themevibrant.com/newwp/buildnox/wp-content/uploads/elementor/css/post-92164f.css]
[wp1.themevibrant.com/newwp/buildnox/wp-json/oembed/1.0/embed804e.json]
[wp1.themevibrant.com/newwp/buildnox/wp-json/wp/v2/pages/92.json]
[wp1.themevibrant.com/newwp/buildnox/wp-json/oembed/1.0/embed4cdf]
[wp1.themevibrant.com/newwp/buildnox/wp-content/themes/buildnox/assets/images/icons/icon-bar-3.png]
[wp1.themevibrant.com/newwp/buildnox/wp-content/uploads/2023/03/banner-4.jpg]
[wp1.themevibrant.com/newwp/buildnox/wp-content/uploads/2023/04/image-1.png]
[wp1.themevibrant.com/newwp/buildnox/wp-content/uploads/2023/04/image-2.png]
[wp1.themevibrant.com/newwp/buildnox/wp-content/uploads/2023/04/signature4.png]
[wp1.themevibrant.com/newwp/buildnox/wp-content/uploads/2023/04/image-11.jpg]
[wp1.themevibrant.com/newwp/buildnox/wp-content/uploads/2023/04/image-13.jpg]
[wp1.themevibrant.com/newwp/buildnox/home-page-4/index.html]
[wp1.themevibrant.com/newwp/buildnox/wp-content/uploads/elementor/css/post-94164f.css]
[wp1.themevibrant.com/newwp/buildnox/wp-json/wp/v2/pages/94.json]
[wp1.themevibrant.com/newwp/buildnox/wp-json/oembed/1.0/embeddb8d.json]
[wp1.themevibrant.com/newwp/buildnox/wp-json/oembed/1.0/embed0aaf]
[wp1.themevibrant.com/newwp/buildnox/wp-content/themes/buildnox/assets/images/icons/icon-phone3.png]
[wp1.themevibrant.com/newwp/buildnox/wp-content/uploads/2023/03/banner-5.jpg]
[wp1.themevibrant.com/newwp/buildnox/wp-content/uploads/2023/03/shape-4.png]
[wp1.themevibrant.com/newwp/buildnox/wp-content/uploads/2023/03/shape-5.png]
[wp1.themevibrant.com/newwp/buildnox/wp-content/uploads/2023/03/shape-6.png]
[wp1.themevibrant.com/newwp/buildnox/wp-content/uploads/2023/05/image-12.jpg]
[wp1.themevibrant.com/newwp/buildnox/wp-content/uploads/2023/05/image-14.jpg]
[wp1.themevibrant.com/newwp/buildnox/wp-content/uploads/2023/05/image-15.jpg]
[wp1.themevibrant.com/newwp/buildnox/wp-content/uploads/2023/04/image-16.jpg]
[wp1.themevibrant.com/newwp/buildnox/home-page-5/index.html]
[wp1.themevibrant.com/newwp/buildnox/wp-content/uploads/elementor/css/post-96370a.css]
[wp1.themevibrant.com/newwp/buildnox/wp-json/wp/v2/pages/96.json]
[wp1.themevibrant.com/newwp/buildnox/wp-json/oembed/1.0/embed8133.json]
[wp1.themevibrant.com/newwp/buildnox/wp-json/oembed/1.0/embed9548]
[wp1.themevibrant.com/newwp/buildnox/wp-content/themes/buildnox/assets/images/icons/icon-phone4.png]
[wp1.themevibrant.com/newwp/buildnox/wp-content/uploads/2023/04/banner-6.jpg]
[wp1.themevibrant.com/newwp/buildnox/wp-content/uploads/2023/04/banner-9.jpg]
[wp1.themevibrant.com/newwp/buildnox/wp-content/uploads/2023/04/banner-10.jpg]
[wp1.themevibrant.com/newwp/buildnox/wp-content/uploads/2023/04/image-17.jpg]
[wp1.themevibrant.com/newwp/buildnox/wp-content/uploads/2023/04/image-18.jpg]
[wp1.themevibrant.com/newwp/buildnox/wp-content/uploads/2023/04/signature5.png]
[wp1.themevibrant.com/newwp/buildnox/wp-content/uploads/2023/04/gallery-5.jpg]
[wp1.themevibrant.com/newwp/buildnox/wp-content/uploads/2023/04/gallery-6.jpg]
[wp1.themevibrant.com/newwp/buildnox/wp-content/uploads/2023/04/gallery-7.jpg]
[wp1.themevibrant.com/newwp/buildnox/project/construction-projects-4/index.html]
[wp1.themevibrant.com/newwp/buildnox/wp-content/uploads/2023/04/gallery-8.jpg]
[wp1.themevibrant.com/newwp/buildnox/project/general-construction-3/index.html]
[wp1.themevibrant.com/newwp/buildnox/wp-content/uploads/2023/04/image-19.jpg]
[wp1.themevibrant.com/newwp/buildnox/home-page-6/index.html]
[wp1.themevibrant.com/newwp/buildnox/project/renovation-of-roof-4/index.html]
[wp1.themevibrant.com/newwp/buildnox/project/home-construction-3/index.html]
[wp1.themevibrant.com/newwp/buildnox/wp-content/uploads/elementor/css/post-982e75.css]
[wp1.themevibrant.com/newwp/buildnox/wp-content/plugins/elementor/assets/lib/font-awesome/css/brands.min52d5.css]
[wp1.themevibrant.com/newwp/buildnox/wp-json/wp/v2/pages/98.json]
[wp1.themevibrant.com/newwp/buildnox/wp-json/oembed/1.0/embed90af.json]
[wp1.themevibrant.com/newwp/buildnox/wp-json/oembed/1.0/embed7355]
[wp1.themevibrant.com/newwp/buildnox/wp-content/uploads/2023/03/banner-7.jpg]
[wp1.themevibrant.com/newwp/buildnox/wp-content/uploads/2023/03/image-5.png]
[wp1.themevibrant.com/newwp/buildnox/wp-content/uploads/2023/03/gallery-9-453x700.jpg]
[wp1.themevibrant.com/newwp/buildnox/wp-content/uploads/2023/03/gallery-9.jpg]
[wp1.themevibrant.com/newwp/buildnox/wp-content/uploads/2023/03/gallery-10.jpg]
[wp1.themevibrant.com/newwp/buildnox/project/construction-projects/index.html]
[wp1.themevibrant.com/newwp/buildnox/wp-content/uploads/2023/04/building-453x400.png]
[wp1.themevibrant.com/newwp/buildnox/wp-content/uploads/2023/03/gallery-12.jpg]
[wp1.themevibrant.com/newwp/buildnox/wp-content/uploads/2023/04/image-6-453x300.jpg]
[wp1.themevibrant.com/newwp/buildnox/project/general-construction/index.html]
[wp1.themevibrant.com/newwp/buildnox/wp-content/uploads/2023/03/gallery-13-453x660.jpg]
[wp1.themevibrant.com/newwp/buildnox/project/apartment-construction/index.html]
[wp1.themevibrant.com/newwp/buildnox/project/home-construction/index.html]
[wp1.themevibrant.com/newwp/buildnox/wp-content/uploads/2023/03/gallery-13.jpg]
[wp1.themevibrant.com/newwp/buildnox/wp-content/uploads/2023/03/gallery-14-453x700.jpg]
[wp1.themevibrant.com/newwp/buildnox/project/interior-construction/index.html]
[wp1.themevibrant.com/newwp/buildnox/wp-content/uploads/2023/03/gallery-14.jpg]
[wp1.themevibrant.com/newwp/buildnox/wp-content/uploads/2023/03/team-5.jpg]
[wp1.themevibrant.com/newwp/buildnox/wp-content/uploads/2023/03/team-6.jpg]
[wp1.themevibrant.com/newwp/buildnox/project/departmental-construction/index.html]
[wp1.themevibrant.com/newwp/buildnox/wp-content/uploads/2023/03/team-7.jpg]
[wp1.themevibrant.com/newwp/buildnox/wp-content/uploads/2023/03/team-8.jpg]
[wp1.themevibrant.com/newwp/buildnox/wp-content/uploads/2023/03/team-9.jpg]
[wp1.themevibrant.com/newwp/buildnox/wp-content/uploads/2023/03/team-10.jpg]
[wp1.themevibrant.com/newwp/buildnox/home-page-7/index.html]
[wp1.themevibrant.com/newwp/buildnox/wp-content/uploads/elementor/css/post-1002e78.css]
[wp1.themevibrant.com/newwp/buildnox/wp-json/wp/v2/pages/100.json]
[wp1.themevibrant.com/newwp/buildnox/wp-json/oembed/1.0/embed6ce3.json]
[wp1.themevibrant.com/newwp/buildnox/wp-json/oembed/1.0/embed2564]
[wp1.themevibrant.com/newwp/buildnox/wp-content/uploads/2023/04/image-20.jpg]
[wp1.themevibrant.com/newwp/buildnox/wp-content/uploads/2023/04/image-21.jpg]
[wp1.themevibrant.com/newwp/buildnox/wp-content/uploads/2023/04/image-22.jpg]
[wp1.themevibrant.com/newwp/buildnox/wp-content/uploads/2023/04/image-23.jpg]
[wp1.themevibrant.com/newwp/buildnox/wp-content/uploads/2023/04/image-24.jpg]
[wp1.themevibrant.com/newwp/buildnox/home-page-8/index.html]
[wp1.themevibrant.com/newwp/buildnox/wp-content/uploads/elementor/css/post-102169d.css]
[wp1.themevibrant.com/newwp/buildnox/wp-json/wp/v2/pages/102.json]
[wp1.themevibrant.com/newwp/buildnox/wp-json/oembed/1.0/embeda123.json]
[wp1.themevibrant.com/newwp/buildnox/wp-json/oembed/1.0/embedb195]
[wp1.themevibrant.com/newwp/buildnox/wp-content/themes/buildnox/assets/images/icons/icon-bar.png]
[wp1.themevibrant.com/newwp/buildnox/wp-content/uploads/2023/04/banner-8.jpg]
[wp1.themevibrant.com/newwp/buildnox/wp-content/uploads/2023/04/image-6.png]
[wp1.themevibrant.com/newwp/buildnox/home-page-9/index.html]
[wp1.themevibrant.com/newwp/buildnox/wp-content/uploads/elementor/css/post-104169d.css]
[wp1.themevibrant.com/newwp/buildnox/wp-json/wp/v2/pages/104.json]
[wp1.themevibrant.com/newwp/buildnox/wp-json/oembed/1.0/embed4ac3.json]
[wp1.themevibrant.com/newwp/buildnox/wp-json/oembed/1.0/embed5e70]
[wp1.themevibrant.com/newwp/buildnox/wp-content/uploads/2023/03/logo-light3.png]
[wp1.themevibrant.com/newwp/buildnox/wp-content/themes/buildnox/assets/images/icons/menu2.svg]
[wp1.themevibrant.com/newwp/buildnox/wp-content/uploads/2023/04/banner-11.jpg]
[wp1.themevibrant.com/newwp/buildnox/wp-content/uploads/2023/04/image-35.jpg]
[wp1.themevibrant.com/newwp/buildnox/wp-content/uploads/2023/04/image-36.jpg]
[wp1.themevibrant.com/newwp/buildnox/wp-content/uploads/2023/04/image-37.jpg]
[wp1.themevibrant.com/newwp/buildnox/wp-content/uploads/2023/04/icon_1.svg]
[wp1.themevibrant.com/newwp/buildnox/wp-content/uploads/2023/04/icon_2.svg]
[wp1.themevibrant.com/newwp/buildnox/wp-content/uploads/2023/04/icon_3.svg]
[wp1.themevibrant.com/newwp/buildnox/wp-content/uploads/2023/04/icon_4.svg]
[wp1.themevibrant.com/newwp/buildnox/wp-content/uploads/2023/04/gallery-22.jpg]
[wp1.themevibrant.com/newwp/buildnox/wp-content/uploads/2023/04/gallery-23.jpg]
[wp1.themevibrant.com/newwp/buildnox/wp-content/uploads/2023/04/gallery-24.jpg]
[wp1.themevibrant.com/newwp/buildnox/project/general-constructions-2/index.html]
[wp1.themevibrant.com/newwp/buildnox/wp-content/uploads/2023/04/gallery-25.jpg]
[wp1.themevibrant.com/newwp/buildnox/project/apartment-construction-3/index.html]
[wp1.themevibrant.com/newwp/buildnox/wp-content/uploads/2023/04/gallery-26.jpg]
[wp1.themevibrant.com/newwp/buildnox/project/interior-construction-2/index.html]
[wp1.themevibrant.com/newwp/buildnox/wp-content/uploads/2023/04/gallery-27.jpg]
[wp1.themevibrant.com/newwp/buildnox/project/construction-project-2/index.html]
[wp1.themevibrant.com/newwp/buildnox/project/house-construction-2/index.html]
[wp1.themevibrant.com/newwp/buildnox/project/towers-construction-2/index.html]
[wp1.themevibrant.com/newwp/buildnox/wp-content/uploads/2023/04/gallery-28.jpg]
[wp1.themevibrant.com/newwp/buildnox/wp-content/uploads/2023/04/gallery-29.jpg]
[wp1.themevibrant.com/newwp/buildnox/project/departmental-construction-2/index.html]
[wp1.themevibrant.com/newwp/buildnox/wp-content/plugins/buildnox-plugin/assets/js/project-masonry8a54.js]
[wp1.themevibrant.com/newwp/buildnox/home-page-10/index.html]
[wp1.themevibrant.com/newwp/buildnox/project/renovation-of-roofs-2/index.html]
[wp1.themevibrant.com/newwp/buildnox/wp-content/uploads/elementor/css/post-1193dac.css]
[wp1.themevibrant.com/newwp/buildnox/wp-json/wp/v2/pages/119.json]
[wp1.themevibrant.com/newwp/buildnox/wp-json/oembed/1.0/embedcce1.json]
[wp1.themevibrant.com/newwp/buildnox/wp-json/oembed/1.0/embedca17]
[wp1.themevibrant.com/newwp/buildnox/wp-content/uploads/2023/03/bg-4.jpg]
[wp1.themevibrant.com/newwp/buildnox/wp-content/uploads/2023/03/building3.png]
[wp1.themevibrant.com/newwp/buildnox/wp-content/uploads/2023/04/image-25.jpg]
[wp1.themevibrant.com/newwp/buildnox/about/index.html]
[wp1.themevibrant.com/newwp/buildnox/wp-content/uploads/elementor/css/post-1217b7c.css]
[wp1.themevibrant.com/newwp/buildnox/wp-json/wp/v2/pages/121.json]
[wp1.themevibrant.com/newwp/buildnox/wp-json/oembed/1.0/embedf605.json]
[wp1.themevibrant.com/newwp/buildnox/wp-json/oembed/1.0/embed3461]
[wp1.themevibrant.com/newwp/buildnox/wp-content/uploads/2023/04/image-29.jpg]
[wp1.themevibrant.com/newwp/buildnox/wp-content/uploads/2023/04/image-30.jpg]
[wp1.themevibrant.com/newwp/buildnox/service/interior-design/index.html]
[wp1.themevibrant.com/newwp/buildnox/wp-content/uploads/2023/04/image-31.jpg]
[wp1.themevibrant.com/newwp/buildnox/service/repair-and-expand/index.html]
[wp1.themevibrant.com/newwp/buildnox/wp-content/uploads/2023/04/image-32.jpg]
[wp1.themevibrant.com/newwp/buildnox/services-style-01/index.html]
[wp1.themevibrant.com/newwp/buildnox/service/construction-consulting/index.html]
[wp1.themevibrant.com/newwp/buildnox/wp-content/uploads/elementor/css/post-1236c96.css]
[wp1.themevibrant.com/newwp/buildnox/service/building-maintenance/index.html]
[wp1.themevibrant.com/newwp/buildnox/wp-json/wp/v2/pages/123.json]
[wp1.themevibrant.com/newwp/buildnox/wp-json/oembed/1.0/embedc11b.json]
[wp1.themevibrant.com/newwp/buildnox/services-style-02/index.html]
[wp1.themevibrant.com/newwp/buildnox/wp-json/oembed/1.0/embede085]
[wp1.themevibrant.com/newwp/buildnox/wp-content/uploads/elementor/css/post-1258357.css]
[wp1.themevibrant.com/newwp/buildnox/wp-json/wp/v2/pages/125.json]
[wp1.themevibrant.com/newwp/buildnox/wp-json/oembed/1.0/embed9b86.json]
[wp1.themevibrant.com/newwp/buildnox/wp-json/oembed/1.0/embedc17c]
[wp1.themevibrant.com/newwp/buildnox/wp-content/uploads/2023/04/service-2.jpg]
[wp1.themevibrant.com/newwp/buildnox/wp-content/uploads/2023/04/service-3.jpg]
[wp1.themevibrant.com/newwp/buildnox/wp-content/uploads/2023/04/service-4.jpg]
[wp1.themevibrant.com/newwp/buildnox/wp-content/uploads/2023/04/service-5.jpg]
[wp1.themevibrant.com/newwp/buildnox/wp-content/uploads/2023/04/service-6.jpg]
[wp1.themevibrant.com/newwp/buildnox/wp-content/uploads/2023/04/service-7.jpg]
[wp1.themevibrant.com/newwp/buildnox/service-details/index.html]
[wp1.themevibrant.com/newwp/buildnox/wp-content/uploads/elementor/css/post-127e242.css]
[wp1.themevibrant.com/newwp/buildnox/wp-json/wp/v2/pages/127.json]
[wp1.themevibrant.com/newwp/buildnox/wp-json/oembed/1.0/embed3530.json]
[wp1.themevibrant.com/newwp/buildnox/wp-json/oembed/1.0/embedd483]
[wp1.themevibrant.com/newwp/buildnox/wp-content/uploads/2023/04/gallery-20.jpg]
[wp1.themevibrant.com/newwp/buildnox/wp-content/uploads/2023/04/gallery-21.jpg]
[wp1.themevibrant.com/newwp/buildnox/wp-content/uploads/2023/04/gallery-46-438x422.jpg]
[wp1.themevibrant.com/newwp/buildnox/project/renovation-of-roof-2/index.html]
[wp1.themevibrant.com/newwp/buildnox/wp-content/uploads/2023/04/gallery-46.jpg]
[wp1.themevibrant.com/newwp/buildnox/wp-content/uploads/2023/04/gallery-44-438x422.jpg]
[wp1.themevibrant.com/newwp/buildnox/project/building-construction/index.html]
[wp1.themevibrant.com/newwp/buildnox/wp-content/uploads/2023/04/gallery-44.jpg]
[wp1.themevibrant.com/newwp/buildnox/project/construction-projects-2/index.html]
[wp1.themevibrant.com/newwp/buildnox/wp-content/uploads/2023/04/gallery-42-438x422.jpg]
[wp1.themevibrant.com/newwp/buildnox/wp-content/uploads/2023/04/gallery-42.jpg]
[wp1.themevibrant.com/newwp/buildnox/project/renovation-of-roofs/index.html]
[wp1.themevibrant.com/newwp/buildnox/wp-content/uploads/2023/04/gallery-40-438x422.jpg]
[wp1.themevibrant.com/newwp/buildnox/project/general-constructions/index.html]
[wp1.themevibrant.com/newwp/buildnox/wp-content/uploads/2023/04/gallery-40.jpg]
[wp1.themevibrant.com/newwp/buildnox/wp-content/uploads/2023/04/gallery-39-438x422.jpg]
[wp1.themevibrant.com/newwp/buildnox/wp-content/uploads/2023/04/gallery-39.jpg]
[wp1.themevibrant.com/newwp/buildnox/wp-content/uploads/2023/04/gallery-43-438x422.jpg]
[wp1.themevibrant.com/newwp/buildnox/project/construction-project/index.html]
[wp1.themevibrant.com/newwp/buildnox/wp-content/uploads/2023/04/gallery-43.jpg]
[wp1.themevibrant.com/newwp/buildnox/project/house-construction/index.html]
[wp1.themevibrant.com/newwp/buildnox/wp-content/uploads/2023/04/gallery-41-438x422.jpg]
[wp1.themevibrant.com/newwp/buildnox/project/towers-construction/index.html]
[wp1.themevibrant.com/newwp/buildnox/wp-content/uploads/2023/04/gallery-41.jpg]
[wp1.themevibrant.com/newwp/buildnox/wp-content/uploads/2023/04/gallery-45-438x422.jpg]
[wp1.themevibrant.com/newwp/buildnox/project/interiors-construction/index.html]
[wp1.themevibrant.com/newwp/buildnox/wp-content/uploads/2023/04/gallery-45.jpg]
[wp1.themevibrant.com/newwp/buildnox/wp-content/uploads/2023/04/gallery-16.jpg]
[wp1.themevibrant.com/newwp/buildnox/projects-style-01/index.html]
[wp1.themevibrant.com/newwp/buildnox/project/buildnings-construction/index.html]
[wp1.themevibrant.com/newwp/buildnox/project/new-desgins/index.html]
[wp1.themevibrant.com/newwp/buildnox/wp-content/uploads/elementor/css/post-1297138.css]
[wp1.themevibrant.com/newwp/buildnox/wp-json/wp/v2/pages/129.json]
[wp1.themevibrant.com/newwp/buildnox/wp-json/oembed/1.0/embed1595.json]
[wp1.themevibrant.com/newwp/buildnox/wp-json/oembed/1.0/embed7cff]
[wp1.themevibrant.com/newwp/buildnox/wp-content/uploads/2023/04/gallery-46-370x325.jpg]
[wp1.themevibrant.com/newwp/buildnox/wp-content/uploads/2023/04/gallery-44-370x325.jpg]
[wp1.themevibrant.com/newwp/buildnox/wp-content/uploads/2023/04/gallery-42-370x325.jpg]
[wp1.themevibrant.com/newwp/buildnox/wp-content/uploads/2023/04/gallery-40-370x325.jpg]
[wp1.themevibrant.com/newwp/buildnox/wp-content/uploads/2023/04/gallery-39-370x325.jpg]
[wp1.themevibrant.com/newwp/buildnox/wp-content/uploads/2023/04/gallery-43-370x325.jpg]
[wp1.themevibrant.com/newwp/buildnox/wp-content/uploads/2023/04/gallery-41-370x325.jpg]
[wp1.themevibrant.com/newwp/buildnox/wp-content/uploads/2023/04/gallery-45-370x325.jpg]
[wp1.themevibrant.com/newwp/buildnox/wp-content/uploads/2023/04/gallery-16-370x325.jpg]
[wp1.themevibrant.com/newwp/buildnox/projects-style-02/index.html]
[wp1.themevibrant.com/newwp/buildnox/wp-content/uploads/elementor/css/post-132d889.css]
[wp1.themevibrant.com/newwp/buildnox/wp-json/wp/v2/pages/132.json]
[wp1.themevibrant.com/newwp/buildnox/wp-json/oembed/1.0/embed85dd.json]
[wp1.themevibrant.com/newwp/buildnox/projects-style-03/index.html]
[wp1.themevibrant.com/newwp/buildnox/wp-json/oembed/1.0/embed8b93]
[wp1.themevibrant.com/newwp/buildnox/wp-json/oembed/1.0/embedf76c.json]
[wp1.themevibrant.com/newwp/buildnox/wp-json/oembed/1.0/embed7591]
[wp1.themevibrant.com/newwp/buildnox/wp-content/uploads/2023/03/quote.svg]
[wp1.themevibrant.com/newwp/buildnox/wp-content/uploads/2023/03/gallery-47.jpg]
[wp1.themevibrant.com/newwp/buildnox/wp-content/uploads/2023/03/gallery-48.jpg]
[wp1.themevibrant.com/newwp/buildnox/wp-content/uploads/2023/03/gallery-49.jpg]
[wp1.themevibrant.com/newwp/buildnox/wp-content/uploads/2023/03/gallery-50.jpg]
[wp1.themevibrant.com/newwp/buildnox/project/renovation-of-roof/index.html]
[wp1.themevibrant.com/newwp/buildnox/wp-content/uploads/elementor/css/post-134de2d.css]
[wp1.themevibrant.com/newwp/buildnox/wp-json/wp/v2/pages/134.json]
[wp1.themevibrant.com/newwp/buildnox/wp-json/oembed/1.0/embed29ac.json]
[wp1.themevibrant.com/newwp/buildnox/wp-json/oembed/1.0/embed46f1]
[wp1.themevibrant.com/newwp/buildnox/faq/index.html]
[wp1.themevibrant.com/newwp/buildnox/wp-content/uploads/elementor/css/post-136b006.css]
[wp1.themevibrant.com/newwp/buildnox/wp-json/wp/v2/pages/136.json]
[wp1.themevibrant.com/newwp/buildnox/wp-json/oembed/1.0/embed9aa3.json]
[wp1.themevibrant.com/newwp/buildnox/wp-json/oembed/1.0/embedc4ac]
[wp1.themevibrant.com/newwp/buildnox/wp-content/uploads/2023/03/author-8.jpg]
[wp1.themevibrant.com/newwp/buildnox/wp-content/uploads/2023/04/image-33.jpg]
[wp1.themevibrant.com/newwp/buildnox/wp-content/uploads/2023/04/image-34.jpg]
[wp1.themevibrant.com/newwp/buildnox/company-history/index.html]
[wp1.themevibrant.com/newwp/buildnox/wp-content/uploads/elementor/css/post-138ef0b.css]
[wp1.themevibrant.com/newwp/buildnox/wp-json/wp/v2/pages/138.json]
[wp1.themevibrant.com/newwp/buildnox/wp-json/oembed/1.0/embed536a.json]
[wp1.themevibrant.com/newwp/buildnox/wp-json/oembed/1.0/embedd678]
[wp1.themevibrant.com/newwp/buildnox/wp-content/uploads/2023/03/team-11.jpg]
[wp1.themevibrant.com/newwp/buildnox/wp-content/uploads/2023/03/team-12.jpg]
[wp1.themevibrant.com/newwp/buildnox/wp-content/uploads/2023/03/team-13.jpg]
[wp1.themevibrant.com/newwp/buildnox/wp-content/uploads/2023/03/team-14.jpg]
[wp1.themevibrant.com/newwp/buildnox/team/index.html]
[wp1.themevibrant.com/newwp/buildnox/wp-content/uploads/elementor/css/post-140c12c.css]
[wp1.themevibrant.com/newwp/buildnox/wp-json/wp/v2/pages/140.json]
[wp1.themevibrant.com/newwp/buildnox/wp-json/oembed/1.0/embed2e9c.json]
[wp1.themevibrant.com/newwp/buildnox/testimonials/index.html]
[wp1.themevibrant.com/newwp/buildnox/wp-json/oembed/1.0/embed637f]
[wp1.themevibrant.com/newwp/buildnox/wp-content/uploads/elementor/css/post-142d18d.css]
[wp1.themevibrant.com/newwp/buildnox/wp-json/wp/v2/pages/142.json]
[wp1.themevibrant.com/newwp/buildnox/wp-json/oembed/1.0/embed28b0.json]
[wp1.themevibrant.com/newwp/buildnox/wp-json/oembed/1.0/embedcd42]
[wp1.themevibrant.com/newwp/buildnox/wp-content/uploads/2023/03/image-19-570x435.jpg]
[wp1.themevibrant.com/newwp/buildnox/wp-content/uploads/2023/03/image-16-570x435.jpg]
[wp1.themevibrant.com/newwp/buildnox/2023/03/bring-together-our-visitors-societies-and-spirits/index.html]
[wp1.themevibrant.com/newwp/buildnox/2023/03/evolved-from-generation-that-has-on-normal/index.html]
[wp1.themevibrant.com/newwp/buildnox/wp-content/uploads/2023/03/image-13-570x435.jpg]
[wp1.themevibrant.com/newwp/buildnox/wp-content/uploads/2023/03/image-8-570x435.jpg]
[wp1.themevibrant.com/newwp/buildnox/wp-content/uploads/2023/03/image-7-570x435.jpg]
[wp1.themevibrant.com/newwp/buildnox/2023/03/the-generation-has-on-normal-from-evolved/index.html]
[wp1.themevibrant.com/newwp/buildnox/2023/03/hire-a-contractor-home-how-to-renovation/index.html]
[wp1.themevibrant.com/newwp/buildnox/wp-content/uploads/2023/03/blog-15-570x435.jpg]
[wp1.themevibrant.com/newwp/buildnox/2023/03/enthusiasm-and-to-liberality-normal-renovation/index.html]
[wp1.themevibrant.com/newwp/buildnox/wp-content/uploads/2023/03/blog-14-570x435.jpg]
[wp1.themevibrant.com/newwp/buildnox/2023/03/the-secreat-of-buildnox-work-know/index.html]
[wp1.themevibrant.com/newwp/buildnox/wp-content/uploads/2023/03/blog-13-570x435.jpg]
[wp1.themevibrant.com/newwp/buildnox/blog-grid/index.html]
[wp1.themevibrant.com/newwp/buildnox/wp-content/uploads/2023/03/blog-12.jpg]
[wp1.themevibrant.com/newwp/buildnox/blog-grid/page/2/index.html]
[wp1.themevibrant.com/newwp/buildnox/wp-content/uploads/2023/03/blog-13.jpg]
[wp1.themevibrant.com/newwp/buildnox/wp-content/uploads/2023/03/blog-14.jpg]
[wp1.themevibrant.com/newwp/buildnox/wp-content/uploads/2023/03/blog-15.jpg]
[wp1.themevibrant.com/newwp/buildnox/wp-content/uploads/2023/03/blog-12-70x62.jpg]
[wp1.themevibrant.com/newwp/buildnox/blog-standard/page/2/index.html]
[wp1.themevibrant.com/newwp/buildnox/wp-content/uploads/2023/03/blog-13-70x62.jpg]
[wp1.themevibrant.com/newwp/buildnox/blog-standard/page/3/index.html]
[wp1.themevibrant.com/newwp/buildnox/wp-content/uploads/2023/03/blog-14-70x62.jpg]
[wp1.themevibrant.com/newwp/buildnox/wp-content/uploads/2023/03/blog-15-70x62.jpg]
[wp1.themevibrant.com/newwp/buildnox/blog-standard/index.html]
[wp1.themevibrant.com/newwp/buildnox/category/general-construction/index.html]
[wp1.themevibrant.com/newwp/buildnox/category/home-construction/index.html]
[wp1.themevibrant.com/newwp/buildnox/category/roof-renovation/index.html]
[wp1.themevibrant.com/newwp/buildnox/tag/prices/index.html]
[wp1.themevibrant.com/newwp/buildnox/tag/repairing/index.html]
[wp1.themevibrant.com/newwp/buildnox/tag/renovation/index.html]
[wp1.themevibrant.com/newwp/buildnox/wp-json/wp/v2/posts/79.json]
[wp1.themevibrant.com/newwp/buildnox/wp-json/oembed/1.0/embed5fc2.json]
[wp1.themevibrant.com/newwp/buildnox/tag/side-layer/index.html]
[wp1.themevibrant.com/newwp/buildnox/tag/tips/index.html]
[wp1.themevibrant.com/newwp/buildnox/tag/wooden/index.html]
[wp1.themevibrant.com/newwp/buildnox/wp-json/oembed/1.0/embed76af]
[wp1.themevibrant.com/newwp/buildnox/2023/03/how-to-hire-a-contractor-home-renovation/index.html]
[wp1.themevibrant.com/newwp/buildnox/2023/03/how-to-hire-a-contractor-home-renovation/feed/index.html]
[wp1.themevibrant.com/newwp/buildnox/2023/03/how-to-hire-a-contractor-home-renovation/index21b4.html]
[wp1.themevibrant.com/newwp/buildnox/2023/03/how-to-hire-a-contractor-home-renovation/index0e22.html]
[wp1.themevibrant.com/newwp/buildnox/2023/03/how-to-hire-a-contractor-home-renovation/index3094.html]
[wp1.themevibrant.com/newwp/buildnox/wp-content/uploads/elementor/css/post-14684a2.css]
[wp1.themevibrant.com/newwp/buildnox/wp-json/wp/v2/pages/146.json]
[wp1.themevibrant.com/newwp/buildnox/wp-json/oembed/1.0/embedb040.json]
[wp1.themevibrant.com/newwp/buildnox/wp-json/oembed/1.0/embed1dc8]
[wp1.themevibrant.com/newwp/buildnox/wp-content/uploads/2023/04/icon-map.png]
[wp1.themevibrant.com/newwp/buildnox/wp-content/uploads/2023/04/icon-phone.png]
[wp1.themevibrant.com/newwp/buildnox/wp-content/uploads/2023/04/icon-mail.png]
[wp1.themevibrant.com/newwp/buildnox/contact/index.html]
[wp1.themevibrant.com/newwp/buildnox/wp-json/oembed/1.0/embed995a.json]
[wp1.themevibrant.com/newwp/buildnox/wp-json/oembed/1.0/embed28f5]
[wp1.themevibrant.com/newwp/buildnox/wp-content/themes/buildnox/assets/images/background/bg-4.jpg]
[wp1.themevibrant.com/newwp/buildnox/wp-content/themes/buildnox/assets/images/resource/building3.png]
[wp1.themevibrant.com/newwp/buildnox/service/building-construction/index.html]
[wp1.themevibrant.com/newwp/buildnox/wp-json/oembed/1.0/embed4194.json]
[wp1.themevibrant.com/newwp/buildnox/service/architecture-design/index.html]
[wp1.themevibrant.com/newwp/buildnox/wp-json/oembed/1.0/embed0cab]
[wp1.themevibrant.com/newwp/buildnox/wp-json/oembed/1.0/embed4ffa.json]
[wp1.themevibrant.com/newwp/buildnox/service/building-renovation/index.html]
[wp1.themevibrant.com/newwp/buildnox/wp-json/oembed/1.0/embedf373]
[wp1.themevibrant.com/newwp/buildnox/wp-json/oembed/1.0/embed5b00.json]
[wp1.themevibrant.com/newwp/buildnox/service/flooring-roofing/index.html]
[wp1.themevibrant.com/newwp/buildnox/wp-json/oembed/1.0/embedcb06]
[wp1.themevibrant.com/newwp/buildnox/wp-json/oembed/1.0/embed9b31.json]
[wp1.themevibrant.com/newwp/buildnox/wp-json/oembed/1.0/embeda660]
[wp1.themevibrant.com/newwp/buildnox/project/renovation-of-roof-3/index.html]
[wp1.themevibrant.com/newwp/buildnox/wp-json/oembed/1.0/embedbba5.json]
[wp1.themevibrant.com/newwp/buildnox/wp-json/oembed/1.0/embedc3ac]
[wp1.themevibrant.com/newwp/buildnox/project/construction-projects-3/index.html]
[wp1.themevibrant.com/newwp/buildnox/wp-json/oembed/1.0/embed935e.json]
[wp1.themevibrant.com/newwp/buildnox/project/general-construction-2/index.html]
[wp1.themevibrant.com/newwp/buildnox/wp-json/oembed/1.0/embedfa12]
[wp1.themevibrant.com/newwp/buildnox/wp-json/oembed/1.0/embedd467.json]
[wp1.themevibrant.com/newwp/buildnox/wp-json/oembed/1.0/embed263a]
[wp1.themevibrant.com/newwp/buildnox/project/home-construction-2/index.html]
[wp1.themevibrant.com/newwp/buildnox/wp-json/wp/v2/posts/82.json]
[wp1.themevibrant.com/newwp/buildnox/2023/03/normal-that-has-evolved-from-generation-on/feed/index.html]
[wp1.themevibrant.com/newwp/buildnox/wp-json/oembed/1.0/embed43b2.json]
[wp1.themevibrant.com/newwp/buildnox/wp-json/oembed/1.0/embed84ab]
[wp1.themevibrant.com/newwp/buildnox/2023/03/normal-that-has-evolved-from-generation-on/index.html]
[wp1.themevibrant.com/newwp/buildnox/wp-json/wp/v2/posts/77.json]
[wp1.themevibrant.com/newwp/buildnox/2023/03/know-the-secreat-of-buildnox-work/feed/index.html]
[wp1.themevibrant.com/newwp/buildnox/wp-json/oembed/1.0/embede5b5.json]
[wp1.themevibrant.com/newwp/buildnox/2023/03/know-the-secreat-of-buildnox-work/index.html]
[wp1.themevibrant.com/newwp/buildnox/wp-content/plugins/elementor/assets/lib/animations/animations.min2e9d.css]
[wp1.themevibrant.com/newwp/buildnox/wp-json/oembed/1.0/embed6359]
[wp1.themevibrant.com/newwp/buildnox/wp-content/themes/buildnox/assets/fonts/fa-brands-400.svg]
[wp1.themevibrant.com/newwp/buildnox/wp-content/themes/buildnox/assets/fonts/fa-light-300.svg]
[wp1.themevibrant.com/newwp/buildnox/wp-content/themes/buildnox/assets/fonts/fa-regular-400.svg]
[wp1.themevibrant.com/newwp/buildnox/wp-content/themes/buildnox/assets/fonts/fa-solid-900.svg]
[wp1.themevibrant.com/newwp/buildnox/wp-content/themes/buildnox/assets/fonts/flaticon_buildnox8aad.svg]
[wp1.themevibrant.com/newwp/buildnox/wp-content/themes/buildnox/assets/css/images/ui-icons_ffffff_256x240.html]
[wp1.themevibrant.com/newwp/buildnox/wp-content/themes/buildnox/assets/css/images/ui-icons_777620_256x240.html]
[wp1.themevibrant.com/newwp/buildnox/wp-content/themes/buildnox/assets/css/images/ui-icons_cc0000_256x240.html]
[wp1.themevibrant.com/newwp/buildnox/wp-content/themes/buildnox/assets/css/images/ui-icons_777777_256x240.html]
[wp1.themevibrant.com/newwp/buildnox/wp-content/themes/buildnox/assets/images/icons/preloader.svg]
[wp1.themevibrant.com/newwp/buildnox/wp-content/plugins/elementor/assets/lib/eicons/fonts/eiconsb732.svg]
[wp1.themevibrant.com/newwp/buildnox/wp-content/plugins/elementor/assets/lib/font-awesome/webfonts/fa-regular-400.svg]
[wp1.themevibrant.com/newwp/buildnox/wp-content/uploads/elementor/css/post-88fd86.css]
[wp1.themevibrant.com/newwp/buildnox/wp-content/plugins/elementor/assets/lib/font-awesome/webfonts/fa-solid-900.eot]
[wp1.themevibrant.com/newwp/buildnox/wp-content/plugins/elementor/assets/lib/font-awesome/webfonts/fa-solid-900.woff2]
[wp1.themevibrant.com/newwp/buildnox/wp-content/plugins/elementor/assets/lib/font-awesome/webfonts/fa-solid-900d41d.eot]
[wp1.themevibrant.com/newwp/buildnox/wp-content/plugins/elementor/assets/lib/font-awesome/webfonts/fa-solid-900.woff]
[wp1.themevibrant.com/newwp/buildnox/wp-content/plugins/elementor/assets/lib/font-awesome/css/solid.min52d5.css]
[wp1.themevibrant.com/newwp/buildnox/index8ed7.html]
[wp1.themevibrant.com/newwp/buildnox/wp-json/oembed/1.0/embedc53d.json]
[wp1.themevibrant.com/newwp/buildnox/wp-content/plugins/elementor/assets/lib/font-awesome/webfonts/fa-solid-900.svg]
[wp1.themevibrant.com/newwp/buildnox/wp-content/plugins/elementor/assets/lib/font-awesome/webfonts/fa-solid-900.ttf]
[wp1.themevibrant.com/newwp/buildnox/service/building-construction-2/index.html]
[wp1.themevibrant.com/newwp/buildnox/wp-json/oembed/1.0/embede2d7]
[wp1.themevibrant.com/newwp/buildnox/wp-json/oembed/1.0/embedc572.json]
[wp1.themevibrant.com/newwp/buildnox/service/architecture-design-2/index.html]
[wp1.themevibrant.com/newwp/buildnox/wp-json/oembed/1.0/embeddf94]
[wp1.themevibrant.com/newwp/buildnox/wp-json/oembed/1.0/embedf0f3.json]
[wp1.themevibrant.com/newwp/buildnox/wp-json/oembed/1.0/embeda0b9]
[wp1.themevibrant.com/newwp/buildnox/service/building-renovation-2/index.html]
[wp1.themevibrant.com/newwp/buildnox/wp-json/oembed/1.0/embed5df2.json]
[wp1.themevibrant.com/newwp/buildnox/service/consulting-service/index.html]
[wp1.themevibrant.com/newwp/buildnox/wp-json/oembed/1.0/embed0e8d]
[wp1.themevibrant.com/newwp/buildnox/wp-content/uploads/2023/04/bg-3.jpg]
[wp1.themevibrant.com/newwp/buildnox/wp-content/uploads/elementor/css/post-90ca42.css]
[wp1.themevibrant.com/newwp/buildnox/indexeffd.html]
[wp1.themevibrant.com/newwp/buildnox/wp-content/uploads/2023/04/menu.svg]
[wp1.themevibrant.com/newwp/buildnox/wp-json/oembed/1.0/embed0c97.json]
[wp1.themevibrant.com/newwp/buildnox/project/apartment-construction-2/index.html]
[wp1.themevibrant.com/newwp/buildnox/wp-content/uploads/elementor/css/post-92164f.css]
[wp1.themevibrant.com/newwp/buildnox/index8e15.html]
[wp1.themevibrant.com/newwp/buildnox/wp-content/uploads/elementor/css/post-94164f.css]
[wp1.themevibrant.com/newwp/buildnox/index65d2.html]
[wp1.themevibrant.com/newwp/buildnox/wp-json/oembed/1.0/embeddc5e]
[wp1.themevibrant.com/newwp/buildnox/wp-content/uploads/2023/04/map.png]
[wp1.themevibrant.com/newwp/buildnox/wp-content/uploads/elementor/css/post-96370a.css]
[wp1.themevibrant.com/newwp/buildnox/index6f72.html]
[wp1.themevibrant.com/newwp/buildnox/wp-json/oembed/1.0/embedecd9.json]
[wp1.themevibrant.com/newwp/buildnox/wp-json/oembed/1.0/embed95cd]
[wp1.themevibrant.com/newwp/buildnox/project/renovation-of-roof-4/index.html]
[wp1.themevibrant.com/newwp/buildnox/wp-json/oembed/1.0/embeda5bc.json]
[wp1.themevibrant.com/newwp/buildnox/wp-json/oembed/1.0/embedf5a5]
[wp1.themevibrant.com/newwp/buildnox/project/construction-projects-4/index.html]
[wp1.themevibrant.com/newwp/buildnox/wp-json/oembed/1.0/embed1c23.json]
[wp1.themevibrant.com/newwp/buildnox/project/general-construction-3/index.html]
[wp1.themevibrant.com/newwp/buildnox/wp-json/oembed/1.0/embed6ecc]
[wp1.themevibrant.com/newwp/buildnox/wp-json/oembed/1.0/embed117b.json]
[wp1.themevibrant.com/newwp/buildnox/project/home-construction-3/index.html]
[wp1.themevibrant.com/newwp/buildnox/wp-content/uploads/elementor/css/post-982e75.css]
[wp1.themevibrant.com/newwp/buildnox/wp-json/oembed/1.0/embed41be]
[wp1.themevibrant.com/newwp/buildnox/wp-content/plugins/elementor/assets/lib/font-awesome/webfonts/fa-brands-400.eot]
[wp1.themevibrant.com/newwp/buildnox/wp-content/plugins/elementor/assets/lib/font-awesome/webfonts/fa-brands-400.woff2]
[wp1.themevibrant.com/newwp/buildnox/wp-content/plugins/elementor/assets/lib/font-awesome/webfonts/fa-brands-400.woff]
[wp1.themevibrant.com/newwp/buildnox/wp-content/plugins/elementor/assets/lib/font-awesome/webfonts/fa-brands-400d41d.eot]
[wp1.themevibrant.com/newwp/buildnox/wp-content/plugins/elementor/assets/lib/font-awesome/webfonts/fa-brands-400.ttf]
[wp1.themevibrant.com/newwp/buildnox/wp-content/plugins/elementor/assets/lib/font-awesome/css/brands.min52d5.css]
[wp1.themevibrant.com/newwp/buildnox/indexb6ad.html]
[wp1.themevibrant.com/newwp/buildnox/wp-json/oembed/1.0/embed5319.json]
[wp1.themevibrant.com/newwp/buildnox/wp-content/plugins/elementor/assets/lib/font-awesome/webfonts/fa-brands-400.svg]
[wp1.themevibrant.com/newwp/buildnox/wp-json/oembed/1.0/embed8d11]
[wp1.themevibrant.com/newwp/buildnox/project/construction-projects/index.html]
[wp1.themevibrant.com/newwp/buildnox/wp-json/oembed/1.0/embed814a.json]
[wp1.themevibrant.com/newwp/buildnox/wp-json/oembed/1.0/embed9261]
[wp1.themevibrant.com/newwp/buildnox/project/general-construction/index.html]
[wp1.themevibrant.com/newwp/buildnox/wp-json/oembed/1.0/embed2289.json]
[wp1.themevibrant.com/newwp/buildnox/wp-json/oembed/1.0/embedcebe]
[wp1.themevibrant.com/newwp/buildnox/project/home-construction/index.html]
[wp1.themevibrant.com/newwp/buildnox/wp-json/oembed/1.0/embed59b0.json]
[wp1.themevibrant.com/newwp/buildnox/wp-json/oembed/1.0/embed240f]
[wp1.themevibrant.com/newwp/buildnox/project/apartment-construction/index.html]
[wp1.themevibrant.com/newwp/buildnox/wp-json/oembed/1.0/embed234f.json]
[wp1.themevibrant.com/newwp/buildnox/project/interior-construction/index.html]
[wp1.themevibrant.com/newwp/buildnox/wp-json/oembed/1.0/embedc8d0]
[wp1.themevibrant.com/newwp/buildnox/wp-json/oembed/1.0/embedaaad.json]
[wp1.themevibrant.com/newwp/buildnox/project/departmental-construction/index.html]
[wp1.themevibrant.com/newwp/buildnox/wp-content/uploads/elementor/css/post-1002e78.css]
[wp1.themevibrant.com/newwp/buildnox/index3f5a.html]
[wp1.themevibrant.com/newwp/buildnox/wp-content/uploads/elementor/css/post-102169d.css]
[wp1.themevibrant.com/newwp/buildnox/indexc5eb.html]
[wp1.themevibrant.com/newwp/buildnox/wp-content/themes/buildnox/assets/css/color23781.css]
[wp1.themevibrant.com/newwp/buildnox/wp-json/oembed/1.0/embedf63e]
[wp1.themevibrant.com/newwp/buildnox/wp-content/uploads/2023/04/shape-7.png]
[wp1.themevibrant.com/newwp/buildnox/wp-content/uploads/2023/04/shape-8.png]
[wp1.themevibrant.com/newwp/buildnox/wp-content/uploads/elementor/css/post-104169d.css]
[wp1.themevibrant.com/newwp/buildnox/index9430.html]
[wp1.themevibrant.com/newwp/buildnox/wp-content/themes/buildnox/assets/images/icons/menu2.svg]
[wp1.themevibrant.com/newwp/buildnox/wp-content/uploads/2023/04/icon_1.svg]
[wp1.themevibrant.com/newwp/buildnox/wp-content/uploads/2023/04/icon_2.svg]
[wp1.themevibrant.com/newwp/buildnox/wp-content/uploads/2023/04/icon_3.svg]
[wp1.themevibrant.com/newwp/buildnox/wp-content/uploads/2023/04/icon_4.svg]
[wp1.themevibrant.com/newwp/buildnox/wp-json/oembed/1.0/embed983c.json]
[wp1.themevibrant.com/newwp/buildnox/project/general-constructions-2/index.html]
[wp1.themevibrant.com/newwp/buildnox/wp-json/oembed/1.0/embedc270]
[wp1.themevibrant.com/newwp/buildnox/wp-json/oembed/1.0/embed1a71.json]
[wp1.themevibrant.com/newwp/buildnox/wp-json/oembed/1.0/embed8967]
[wp1.themevibrant.com/newwp/buildnox/project/construction-project-2/index.html]
[wp1.themevibrant.com/newwp/buildnox/wp-json/oembed/1.0/embeda97a.json]
[wp1.themevibrant.com/newwp/buildnox/wp-json/oembed/1.0/embed2061]
[wp1.themevibrant.com/newwp/buildnox/project/apartment-construction-3/index.html]
[wp1.themevibrant.com/newwp/buildnox/wp-json/oembed/1.0/embed92c9.json]
[wp1.themevibrant.com/newwp/buildnox/wp-json/oembed/1.0/embed8a3f]
[wp1.themevibrant.com/newwp/buildnox/project/interior-construction-2/index.html]
[wp1.themevibrant.com/newwp/buildnox/wp-json/oembed/1.0/embedff1b.json]
[wp1.themevibrant.com/newwp/buildnox/project/house-construction-2/index.html]
[wp1.themevibrant.com/newwp/buildnox/wp-json/oembed/1.0/embed81b9]
[wp1.themevibrant.com/newwp/buildnox/wp-json/oembed/1.0/embedb54a.json]
[wp1.themevibrant.com/newwp/buildnox/wp-json/oembed/1.0/embeda902]
[wp1.themevibrant.com/newwp/buildnox/project/towers-construction-2/index.html]
[wp1.themevibrant.com/newwp/buildnox/wp-json/oembed/1.0/embed0e45.json]
[wp1.themevibrant.com/newwp/buildnox/project/departmental-construction-2/index.html]
[wp1.themevibrant.com/newwp/buildnox/wp-json/oembed/1.0/embedaaa7]
[wp1.themevibrant.com/newwp/buildnox/wp-json/oembed/1.0/embeddc34.json]
[wp1.themevibrant.com/newwp/buildnox/project/renovation-of-roofs-2/index.html]
[wp1.themevibrant.com/newwp/buildnox/wp-content/uploads/elementor/css/post-1193dac.css]
[wp1.themevibrant.com/newwp/buildnox/index7737.html]
[wp1.themevibrant.com/newwp/buildnox/wp-json/oembed/1.0/embedb946]
[wp1.themevibrant.com/newwp/buildnox/wp-content/uploads/elementor/css/post-1217b7c.css]
[wp1.themevibrant.com/newwp/buildnox/indexe856.html]
[wp1.themevibrant.com/newwp/buildnox/wp-json/oembed/1.0/embed28ec.json]
[wp1.themevibrant.com/newwp/buildnox/service/interior-design/index.html]
[wp1.themevibrant.com/newwp/buildnox/wp-json/oembed/1.0/embed73b6]
[wp1.themevibrant.com/newwp/buildnox/wp-json/oembed/1.0/embedc889.json]
[wp1.themevibrant.com/newwp/buildnox/wp-json/oembed/1.0/embeda2ec]
[wp1.themevibrant.com/newwp/buildnox/service/repair-and-expand/index.html]
[wp1.themevibrant.com/newwp/buildnox/wp-json/oembed/1.0/embed42a8.json]
[wp1.themevibrant.com/newwp/buildnox/wp-json/oembed/1.0/embed2f30]
[wp1.themevibrant.com/newwp/buildnox/service/construction-consulting/index.html]
[wp1.themevibrant.com/newwp/buildnox/wp-json/oembed/1.0/embedfb11.json]
[wp1.themevibrant.com/newwp/buildnox/wp-json/oembed/1.0/embed780a]
[wp1.themevibrant.com/newwp/buildnox/service/building-maintenance/index.html]
[wp1.themevibrant.com/newwp/buildnox/wp-content/uploads/elementor/css/post-1236c96.css]
[wp1.themevibrant.com/newwp/buildnox/indexb8c4.html]
[wp1.themevibrant.com/newwp/buildnox/wp-content/uploads/elementor/css/post-1258357.css]
[wp1.themevibrant.com/newwp/buildnox/index5070.html]
[wp1.themevibrant.com/newwp/buildnox/wp-content/uploads/elementor/css/post-127e242.css]
[wp1.themevibrant.com/newwp/buildnox/index9751.html]
[wp1.themevibrant.com/newwp/buildnox/wp-json/oembed/1.0/embed917d.json]
[wp1.themevibrant.com/newwp/buildnox/wp-json/oembed/1.0/embed13e3]
[wp1.themevibrant.com/newwp/buildnox/project/renovation-of-roof-2/index.html]
[wp1.themevibrant.com/newwp/buildnox/wp-json/oembed/1.0/embed6d7c.json]
[wp1.themevibrant.com/newwp/buildnox/wp-json/oembed/1.0/embed4ebd]
[wp1.themevibrant.com/newwp/buildnox/project/construction-projects-2/index.html]
[wp1.themevibrant.com/newwp/buildnox/wp-json/oembed/1.0/embed1163.json]
[wp1.themevibrant.com/newwp/buildnox/wp-json/oembed/1.0/embeda0ac]
[wp1.themevibrant.com/newwp/buildnox/project/building-construction/index.html]
[wp1.themevibrant.com/newwp/buildnox/wp-json/oembed/1.0/embedb6d6.json]
[wp1.themevibrant.com/newwp/buildnox/wp-json/oembed/1.0/embed42b2]
[wp1.themevibrant.com/newwp/buildnox/project/renovation-of-roofs/index.html]
[wp1.themevibrant.com/newwp/buildnox/wp-json/oembed/1.0/embed8b83.json]
[wp1.themevibrant.com/newwp/buildnox/wp-json/oembed/1.0/embedebbe]
[wp1.themevibrant.com/newwp/buildnox/project/general-constructions/index.html]
[wp1.themevibrant.com/newwp/buildnox/wp-json/oembed/1.0/embeddd16.json]
[wp1.themevibrant.com/newwp/buildnox/project/construction-project/index.html]
[wp1.themevibrant.com/newwp/buildnox/wp-json/oembed/1.0/embed7547]
[wp1.themevibrant.com/newwp/buildnox/wp-json/oembed/1.0/embed1f6c.json]
[wp1.themevibrant.com/newwp/buildnox/wp-json/oembed/1.0/embed84f7]
[wp1.themevibrant.com/newwp/buildnox/project/house-construction/index.html]
[wp1.themevibrant.com/newwp/buildnox/wp-json/oembed/1.0/embed3512.json]
[wp1.themevibrant.com/newwp/buildnox/wp-json/oembed/1.0/embed50b3]
[wp1.themevibrant.com/newwp/buildnox/project/towers-construction/index.html]
[wp1.themevibrant.com/newwp/buildnox/wp-json/oembed/1.0/embed220a.json]
[wp1.themevibrant.com/newwp/buildnox/wp-json/oembed/1.0/embed451b]
[wp1.themevibrant.com/newwp/buildnox/project/interiors-construction/index.html]
[wp1.themevibrant.com/newwp/buildnox/wp-json/oembed/1.0/embed0f39.json]
[wp1.themevibrant.com/newwp/buildnox/project/buildnings-construction/index.html]
[wp1.themevibrant.com/newwp/buildnox/wp-json/oembed/1.0/embed7a1d]
[wp1.themevibrant.com/newwp/buildnox/wp-json/oembed/1.0/embed78c5.json]
[wp1.themevibrant.com/newwp/buildnox/wp-json/oembed/1.0/embed7ae4]
[wp1.themevibrant.com/newwp/buildnox/project/new-desgins/index.html]
[wp1.themevibrant.com/newwp/buildnox/wp-content/uploads/elementor/css/post-1297138.css]
[wp1.themevibrant.com/newwp/buildnox/index1c00.html]
[wp1.themevibrant.com/newwp/buildnox/wp-content/uploads/elementor/css/post-132d889.css]
[wp1.themevibrant.com/newwp/buildnox/index31a3.html]
[wp1.themevibrant.com/newwp/buildnox/index146c.html]
[wp1.themevibrant.com/newwp/buildnox/wp-content/uploads/2023/03/quote.svg]
[wp1.themevibrant.com/newwp/buildnox/wp-content/uploads/2023/04/bg-5.jpg]
[wp1.themevibrant.com/newwp/buildnox/wp-content/uploads/elementor/css/post-134de2d.css]
[wp1.themevibrant.com/newwp/buildnox/index47f2.html]
[wp1.themevibrant.com/newwp/buildnox/wp-content/uploads/elementor/css/post-136b006.css]
[wp1.themevibrant.com/newwp/buildnox/index9469.html]
[wp1.themevibrant.com/newwp/buildnox/wp-content/uploads/elementor/css/post-138ef0b.css]
[wp1.themevibrant.com/newwp/buildnox/index1a26.html]
[wp1.themevibrant.com/newwp/buildnox/wp-content/uploads/elementor/css/post-140c12c.css]
[wp1.themevibrant.com/newwp/buildnox/index248a.html]
[wp1.themevibrant.com/newwp/buildnox/wp-content/uploads/elementor/css/post-142d18d.css]
[wp1.themevibrant.com/newwp/buildnox/indexee5b.html]
[wp1.themevibrant.com/newwp/buildnox/wp-json/wp/v2/posts/56.json]
[wp1.themevibrant.com/newwp/buildnox/2023/03/bring-together-our-visitors-societies-and-spirits/feed/index.html]
[wp1.themevibrant.com/newwp/buildnox/wp-json/oembed/1.0/embed5cd1.json]
[wp1.themevibrant.com/newwp/buildnox/wp-json/oembed/1.0/embed53bc]
[wp1.themevibrant.com/newwp/buildnox/wp-content/uploads/2023/03/image-19-875x435.jpg]
[wp1.themevibrant.com/newwp/buildnox/2023/03/bring-together-our-visitors-societies-and-spirits/index.html]
[wp1.themevibrant.com/newwp/buildnox/wp-json/wp/v2/posts/67.json]
[wp1.themevibrant.com/newwp/buildnox/2023/03/evolved-from-generation-that-has-on-normal/feed/index.html]
[wp1.themevibrant.com/newwp/buildnox/wp-json/oembed/1.0/embed21b6.json]
[wp1.themevibrant.com/newwp/buildnox/wp-json/oembed/1.0/embed185e]
[wp1.themevibrant.com/newwp/buildnox/wp-content/uploads/2023/03/image-16-960x435.jpg]
[wp1.themevibrant.com/newwp/buildnox/2023/03/evolved-from-generation-that-has-on-normal/index.html]
[wp1.themevibrant.com/newwp/buildnox/wp-json/wp/v2/posts/69.json]
[wp1.themevibrant.com/newwp/buildnox/2023/03/the-generation-has-on-normal-from-evolved/feed/index.html]
[wp1.themevibrant.com/newwp/buildnox/wp-json/oembed/1.0/embed1985.json]
[wp1.themevibrant.com/newwp/buildnox/wp-json/oembed/1.0/embed4063]
[wp1.themevibrant.com/newwp/buildnox/wp-content/uploads/2023/03/image-13-960x435.jpg]
[wp1.themevibrant.com/newwp/buildnox/2023/03/the-generation-has-on-normal-from-evolved/index.html]
[wp1.themevibrant.com/newwp/buildnox/wp-json/wp/v2/posts/71.json]
[wp1.themevibrant.com/newwp/buildnox/2023/03/hire-a-contractor-home-how-to-renovation/feed/index.html]
[wp1.themevibrant.com/newwp/buildnox/wp-json/oembed/1.0/embed0b9f.json]
[wp1.themevibrant.com/newwp/buildnox/wp-json/oembed/1.0/embed198a]
[wp1.themevibrant.com/newwp/buildnox/wp-content/uploads/2023/03/image-8-1170x435.jpg]
[wp1.themevibrant.com/newwp/buildnox/2023/03/hire-a-contractor-home-how-to-renovation/index.html]
[wp1.themevibrant.com/newwp/buildnox/wp-json/wp/v2/posts/73.json]
[wp1.themevibrant.com/newwp/buildnox/2023/03/enthusiasm-and-to-liberality-normal-renovation/feed/index.html]
[wp1.themevibrant.com/newwp/buildnox/wp-json/oembed/1.0/embed31eb.json]
[wp1.themevibrant.com/newwp/buildnox/wp-json/oembed/1.0/embed0a5b]
[wp1.themevibrant.com/newwp/buildnox/wp-content/uploads/2023/03/image-7-960x435.jpg]
[wp1.themevibrant.com/newwp/buildnox/2023/03/enthusiasm-and-to-liberality-normal-renovation/index.html]
[wp1.themevibrant.com/newwp/buildnox/wp-json/wp/v2/posts/75.json]
[wp1.themevibrant.com/newwp/buildnox/2023/03/the-secreat-of-buildnox-work-know/feed/index.html]
[wp1.themevibrant.com/newwp/buildnox/wp-json/oembed/1.0/embede934.json]
[wp1.themevibrant.com/newwp/buildnox/2023/03/the-secreat-of-buildnox-work-know/index.html]
[wp1.themevibrant.com/newwp/buildnox/wp-json/oembed/1.0/embed6387]
[wp1.themevibrant.com/newwp/buildnox/wp-content/uploads/2023/03/blog-12-570x435.jpg]
[wp1.themevibrant.com/newwp/buildnox/blog-grid/page/2/index.html]
[wp1.themevibrant.com/newwp/buildnox/blog-standard/page/2/index.html]
[wp1.themevibrant.com/newwp/buildnox/blog-standard/page/3/index.html]
[wp1.themevibrant.com/newwp/buildnox/wp-json/wp/v2/categories/14.json]
[wp1.themevibrant.com/newwp/buildnox/category/general-construction/index.html]
[wp1.themevibrant.com/newwp/buildnox/wp-json/wp/v2/categories/13.json]
[wp1.themevibrant.com/newwp/buildnox/category/home-construction/index.html]
[wp1.themevibrant.com/newwp/buildnox/category/general-construction/feed/index.html]
[wp1.themevibrant.com/newwp/buildnox/category/home-construction/feed/index.html]
[wp1.themevibrant.com/newwp/buildnox/wp-json/wp/v2/categories/15.json]
[wp1.themevibrant.com/newwp/buildnox/category/roof-renovation/index.html]
[wp1.themevibrant.com/newwp/buildnox/category/roof-renovation/feed/index.html]
[wp1.themevibrant.com/newwp/buildnox/category/home-construction/page/2/index.html]
[wp1.themevibrant.com/newwp/buildnox/wp-json/wp/v2/tags/9.json]
[wp1.themevibrant.com/newwp/buildnox/tag/prices/index.html]
[wp1.themevibrant.com/newwp/buildnox/tag/prices/feed/index.html]
[wp1.themevibrant.com/newwp/buildnox/tag/prices/page/2/index.html]
[wp1.themevibrant.com/newwp/buildnox/wp-json/wp/v2/tags/7.json]
[wp1.themevibrant.com/newwp/buildnox/tag/renovation/index.html]
[wp1.themevibrant.com/newwp/buildnox/tag/prices/page/3/index.html]
[wp1.themevibrant.com/newwp/buildnox/tag/renovation/page/3/index.html]
[wp1.themevibrant.com/newwp/buildnox/tag/renovation/page/2/index.html]
[wp1.themevibrant.com/newwp/buildnox/tag/renovation/feed/index.html]
[wp1.themevibrant.com/newwp/buildnox/wp-json/wp/v2/tags/6.json]
[wp1.themevibrant.com/newwp/buildnox/tag/repairing/index.html]
[wp1.themevibrant.com/newwp/buildnox/tag/repairing/feed/index.html]
[wp1.themevibrant.com/newwp/buildnox/wp-json/wp/v2/tags/11.json]
[wp1.themevibrant.com/newwp/buildnox/tag/side-layer/index.html]
[wp1.themevibrant.com/newwp/buildnox/tag/repairing/page/3/index.html]
[wp1.themevibrant.com/newwp/buildnox/tag/repairing/page/2/index.html]
[wp1.themevibrant.com/newwp/buildnox/tag/side-layer/feed/index.html]
[wp1.themevibrant.com/newwp/buildnox/tag/side-layer/page/2/index.html]
[wp1.themevibrant.com/newwp/buildnox/tag/side-layer/page/3/index.html]
[wp1.themevibrant.com/newwp/buildnox/wp-json/wp/v2/tags/10.json]
[wp1.themevibrant.com/newwp/buildnox/tag/tips/index.html]
[wp1.themevibrant.com/newwp/buildnox/tag/tips/page/2/index.html]
[wp1.themevibrant.com/newwp/buildnox/tag/tips/page/3/index.html]
[wp1.themevibrant.com/newwp/buildnox/tag/wooden/feed/index.html]
[wp1.themevibrant.com/newwp/buildnox/tag/tips/feed/index.html]
[wp1.themevibrant.com/newwp/buildnox/wp-json/wp/v2/tags/8.json]
[wp1.themevibrant.com/newwp/buildnox/tag/wooden/index.html]
[wp1.themevibrant.com/newwp/buildnox/index6ffe.html]
[wp1.themevibrant.com/newwp/buildnox/2023/03/how-to-hire-a-contractor-home-renovation/index0e22.html]
[wp1.themevibrant.com/newwp/buildnox/2023/03/how-to-hire-a-contractor-home-renovation/index21b4.html]
[wp1.themevibrant.com/newwp/buildnox/2023/03/how-to-hire-a-contractor-home-renovation/index3094.html]
[wp1.themevibrant.com/newwp/buildnox/wp-content/uploads/elementor/css/post-14684a2.css]
[wp1.themevibrant.com/newwp/buildnox/indexf488.html]
[wp1.themevibrant.com/newwp/buildnox/indexc094.html]
[wp1.themevibrant.com/newwp/buildnox/wp-content/themes/buildnox/assets/images/resource/building3.html]
[wp1.themevibrant.com/newwp/buildnox/index50f6.html]
[wp1.themevibrant.com/newwp/buildnox/indexc902.html]
[wp1.themevibrant.com/newwp/buildnox/index8c34.html]
[wp1.themevibrant.com/newwp/buildnox/index0667.html]
[wp1.themevibrant.com/newwp/buildnox/indexd795.html]
[wp1.themevibrant.com/newwp/buildnox/index6bbd.html]
[wp1.themevibrant.com/newwp/buildnox/indexf997.html]
[wp1.themevibrant.com/newwp/buildnox/index287b.html]
[wp1.themevibrant.com/newwp/buildnox/indexb135.html]
[wp1.themevibrant.com/newwp/buildnox/wp-content/plugins/elementor/assets/lib/font-awesome/webfonts/fa-solid-900.svg]
[wp1.themevibrant.com/newwp/buildnox/index325c.html]
[wp1.themevibrant.com/newwp/buildnox/indexe2ec.html]
[wp1.themevibrant.com/newwp/buildnox/index9011.html]
[wp1.themevibrant.com/newwp/buildnox/index2dce.html]
[wp1.themevibrant.com/newwp/buildnox/index3fde.html]
[wp1.themevibrant.com/newwp/buildnox/index3378.html]
[wp1.themevibrant.com/newwp/buildnox/index4674.html]
[wp1.themevibrant.com/newwp/buildnox/indexa78d.html]
[wp1.themevibrant.com/newwp/buildnox/indexccf5.html]
[wp1.themevibrant.com/newwp/buildnox/wp-content/plugins/elementor/assets/lib/font-awesome/webfonts/fa-brands-400.svg]
[wp1.themevibrant.com/newwp/buildnox/indexf45e.html]
[wp1.themevibrant.com/newwp/buildnox/index85b3.html]
[wp1.themevibrant.com/newwp/buildnox/indexd1c3.html]
[wp1.themevibrant.com/newwp/buildnox/indexdb17.html]
[wp1.themevibrant.com/newwp/buildnox/indexfb58.html]
[wp1.themevibrant.com/newwp/buildnox/indexab7e.html]
[wp1.themevibrant.com/newwp/buildnox/indexd913.html]
[wp1.themevibrant.com/newwp/buildnox/indexcb4c.html]
[wp1.themevibrant.com/newwp/buildnox/indexe935.html]
[wp1.themevibrant.com/newwp/buildnox/indexcfc0.html]
[wp1.themevibrant.com/newwp/buildnox/index915a.html]
[wp1.themevibrant.com/newwp/buildnox/index6664.html]
[wp1.themevibrant.com/newwp/buildnox/index2cec.html]
[wp1.themevibrant.com/newwp/buildnox/index6881.html]
[wp1.themevibrant.com/newwp/buildnox/index4fd9.html]
[wp1.themevibrant.com/newwp/buildnox/indexc26d.html]
[wp1.themevibrant.com/newwp/buildnox/indexd155.html]
[wp1.themevibrant.com/newwp/buildnox/indexef6d.html]
[wp1.themevibrant.com/newwp/buildnox/index9bac.html]
[wp1.themevibrant.com/newwp/buildnox/index1d67.html]
[wp1.themevibrant.com/newwp/buildnox/indexbf4b.html]
[wp1.themevibrant.com/newwp/buildnox/index4d54.html]
[wp1.themevibrant.com/newwp/buildnox/index1dc1.html]
[wp1.themevibrant.com/newwp/buildnox/index1e4c.html]
[wp1.themevibrant.com/newwp/buildnox/index3d2a.html]
[wp1.themevibrant.com/newwp/buildnox/indexf749.html]
[wp1.themevibrant.com/newwp/buildnox/index7999.html]
[wp1.themevibrant.com/newwp/buildnox/index5b49.html]
[wp1.themevibrant.com/newwp/buildnox/index77e0.html]
[wp1.themevibrant.com/newwp/buildnox/index2dc8.html]
[wp1.themevibrant.com/newwp/buildnox/index96f1.html]
[wp1.themevibrant.com/newwp/buildnox/indexe2dc.html]
[wp1.themevibrant.com/newwp/buildnox/index6cf3.html]
[wp1.themevibrant.com/newwp/buildnox/index8cae.html]
[wp1.themevibrant.com/newwp/buildnox/indexe839.html]
[wp1.themevibrant.com/newwp/buildnox/blog-grid/page/1/index.html]
[wp1.themevibrant.com/newwp/buildnox/category/home-construction/page/2/index.html]
[wp1.themevibrant.com/newwp/buildnox/tag/prices/page/2/index.html]
[wp1.themevibrant.com/newwp/buildnox/tag/prices/page/3/index.html]
[wp1.themevibrant.com/newwp/buildnox/tag/renovation/page/2/index.html]
[wp1.themevibrant.com/newwp/buildnox/tag/renovation/page/3/index.html]
[wp1.themevibrant.com/newwp/buildnox/tag/repairing/page/2/index.html]
[wp1.themevibrant.com/newwp/buildnox/tag/repairing/page/3/index.html]
[wp1.themevibrant.com/newwp/buildnox/tag/side-layer/page/2/index.html]
[wp1.themevibrant.com/newwp/buildnox/tag/side-layer/page/3/index.html]
[wp1.themevibrant.com/newwp/buildnox/tag/tips/page/2/index.html]
[wp1.themevibrant.com/newwp/buildnox/tag/tips/page/3/index.html]
[wp1.themevibrant.com/newwp/buildnox/tag/wooden/page/3/index.html]
[wp1.themevibrant.com/newwp/buildnox/tag/wooden/page/2/index.html]
[wp1.themevibrant.com/newwp/buildnox/tag/wooden/page/2/index.html]
[wp1.themevibrant.com/newwp/buildnox/tag/wooden/page/3/index.html]
